       N       E                     dE             d eps       ncg     rms          rms(c)
RMM:   1    -0.854592028048E+02   -0.85459E+02   -0.69355E+02 17498   0.495E+01    0.713E+00
RMM:   2    -0.840895807044E+02    0.13696E+01   -0.14669E+01 17725   0.126E+01    0.141E+00
RMM:   3    -0.840836882349E+02    0.58925E-02   -0.24513E-01 18221   0.877E-01    0.745E-01
RMM:   4    -0.840844869303E+02   -0.79870E-03   -0.63167E-02 18136   0.802E-01    0.249E-01
RMM:   5    -0.840828529289E+02    0.16340E-02   -0.15511E-02 18092   0.421E-01    0.686E-02
RMM:   6    -0.840827673743E+02    0.85555E-04   -0.22342E-04 18609   0.369E-02    0.432E-02
RMM:   7    -0.840827058616E+02    0.61513E-04   -0.35283E-04 18250   0.620E-02    0.715E-03
RMM:   8    -0.840827037905E+02    0.20711E-05   -0.43389E-06 10446   0.321E-03
   1 F= -.84082704E+02 E0= -.84076945E+02  d E =-.172766E-01
