 running on    4 nodes
 distr:  one band on    1 nodes,    4 groups
 vasp.4.6.28 25Jul05 complex 
 POSCAR found :  1 types and   32 ions

 ----------------------------------------------------------------------------- 
|                                                                             |
|  ADVICE TO THIS USER RUNNING 'VASP/VAMP'   (HEAR YOUR MASTER'S VOICE ...):  |
|                                                                             |
|      You have a (more or less) 'large supercell' and for larger cells       |
|      it might be more efficient to use real space projection operators      |
|      So try LREAL= Auto  in the INCAR   file.                               |
|      Mind: If you want to do an extremely accurate calculations keep the    |
|      reciprocal projection scheme          (i.e. LREAL=.FALSE.)             |
|                                                                             |
 ----------------------------------------------------------------------------- 

 LDA part: xc-table for Pade appr. of Perdew
 found WAVECAR, reading the header
  number of k-points has changed, file:  20 present:  40
  trying to continue reading WAVECAR, but it might fail
 POSCAR, INCAR and KPOINTS ok, starting setup
 FFT: planning ...           1
 reading WAVECAR
 the WAVECAR file was read sucessfully
 initial charge from wavefunction
 entering main loop
       N       E                     dE             d eps       ncg     rms          rms(c)
RMM:   1    -0.854592028048E+02   -0.85459E+02   -0.69355E+02 17498   0.495E+01BRMIX: very serious problems
 the old and the new charge density differ
 old charge density:   343.87375 new  352.00000
    0.713E+00
RMM:   2    -0.840895807044E+02    0.13696E+01   -0.14669E+01 17725   0.126E+01    0.141E+00
RMM:   3    -0.840836882349E+02    0.58925E-02   -0.24513E-01 18221   0.877E-01    0.745E-01
RMM:   4    -0.840844869303E+02   -0.79870E-03   -0.63167E-02 18136   0.802E-01    0.249E-01
RMM:   5    -0.840828529289E+02    0.16340E-02   -0.15511E-02 18092   0.421E-01    0.686E-02
RMM:   6    -0.840827673743E+02    0.85555E-04   -0.22342E-04 18609   0.369E-02    0.432E-02
RMM:   7    -0.840827058616E+02    0.61513E-04   -0.35283E-04 18250   0.620E-02    0.715E-03
RMM:   8    -0.840827037905E+02    0.20711E-05   -0.43389E-06 10446   0.321E-03
   1 F= -.84082704E+02 E0= -.84076945E+02  d E =-.172766E-01

 ----------------------------------------------------------------------------- 
|                                                                             |
|           W    W    AA    RRRRR   N    N  II  N    N   GGGG   !!!           |
|           W    W   A  A   R    R  NN   N  II  NN   N  G    G  !!!           |
|           W    W  A    A  R    R  N N  N  II  N N  N  G       !!!           |
|           W WW W  AAAAAA  RRRRR   N  N N  II  N  N N  G  GGG   !            |
|           WW  WW  A    A  R   R   N   NN  II  N   NN  G    G                |
|           W    W  A    A  R    R  N    N  II  N    N   GGGG   !!!           |
|                                                                             |
|      The partial DOS and the PROCAR file are not evaluated for NPAR/=1      |
|      please rerun with NPAR=1                                               |
|                                                                             |
 ----------------------------------------------------------------------------- 

