 running on    4 nodes
 distr:  one band on    1 nodes,    4 groups
 vasp.4.6.28 25Jul05 complex 
 POSCAR found :  1 types and   32 ions

 ----------------------------------------------------------------------------- 
|                                                                             |
|  ADVICE TO THIS USER RUNNING 'VASP/VAMP'   (HEAR YOUR MASTER'S VOICE ...):  |
|                                                                             |
|      You have a (more or less) 'large supercell' and for larger cells       |
|      it might be more efficient to use real space projection operators      |
|      So try LREAL= Auto  in the INCAR   file.                               |
|      Mind: If you want to do an extremely accurate calculations keep the    |
|      reciprocal projection scheme          (i.e. LREAL=.FALSE.)             |
|                                                                             |
 ----------------------------------------------------------------------------- 

 LDA part: xc-table for Pade appr. of Perdew
 found WAVECAR, reading the header
  number of k-points has changed, file:  20 present:  40
  trying to continue reading WAVECAR, but it might fail
 POSCAR, INCAR and KPOINTS ok, starting setup
 FFT: planning ...           1
 reading WAVECAR
 the WAVECAR file was read sucessfully
 initial charge from wavefunction
 entering main loop
       N       E                     dE             d eps       ncg     rms          rms(c)
RMM:   1    -0.854589513609E+02   -0.85459E+02   -0.69355E+02 17497   0.495E+01BRMIX: very serious problems
 the old and the new charge density differ
 old charge density:   343.87375 new  352.00000
    0.713E+00
RMM:   2    -0.840895686214E+02    0.13694E+01   -0.14668E+01 17724   0.126E+01    0.141E+00
RMM:   3    -0.840836921985E+02    0.58764E-02   -0.24518E-01 18213   0.877E-01    0.746E-01
RMM:   4    -0.840845051266E+02   -0.81293E-03   -0.63364E-02 18135   0.803E-01    0.250E-01
RMM:   5    -0.840828539988E+02    0.16511E-02   -0.15624E-02 18076   0.423E-01    0.690E-02
RMM:   6    -0.840827691692E+02    0.84830E-04   -0.22099E-04 18621   0.366E-02    0.439E-02
RMM:   7    -0.840827058665E+02    0.63303E-04   -0.36497E-04 18243   0.630E-02    0.726E-03
RMM:   8    -0.840827038380E+02    0.20285E-05   -0.42871E-06 10432   0.316E-03
   1 F= -.84082704E+02 E0= -.84076945E+02  d E =-.172767E-01

 ----------------------------------------------------------------------------- 
|                                                                             |
|           W    W    AA    RRRRR   N    N  II  N    N   GGGG   !!!           |
|           W    W   A  A   R    R  NN   N  II  NN   N  G    G  !!!           |
|           W    W  A    A  R    R  N N  N  II  N N  N  G       !!!           |
|           W WW W  AAAAAA  RRRRR   N  N N  II  N  N N  G  GGG   !            |
|           WW  WW  A    A  R   R   N   NN  II  N   NN  G    G                |
|           W    W  A    A  R    R  N    N  II  N    N   GGGG   !!!           |
|                                                                             |
|      The partial DOS and the PROCAR file are not evaluated for NPAR/=1      |
|      please rerun with NPAR=1                                               |
|                                                                             |
 ----------------------------------------------------------------------------- 

