Startup is 'sourced'
Opening the database
Phonon calculation for Untitled

Phonon parameters
=================
The calculation explores the full Brillouin zone and accounts for an interaction range of about 10.0 Angstroem.
The asymmetric atoms are displaced by +/-0.02 Angstroem.

In a first step, need to run an optimization of atom positions for the supercell containing 32 atoms.
Then, need to run a total number of 2 single point energy calculations on supercells with displaced atoms containing 32 atoms.

      Supercell transformation matrix              Supercell lattice vectors
       2.00000    0.00000    0.00000             8.99374    0.00000    0.00000
       0.00000    2.00000    0.00000             0.00000    8.99374    0.00000
       0.00000    0.00000    2.00000             0.00000    0.00000    8.99374

     Supercell           Site        Displaced atom     Displacement (fractional units)
   ---------------    ----------     --------------     -------------------------------
  undisplaced           ----            ----             0.00000    0.00000    0.00000
  displaced_Ag__a       Ag              Ag               0.00222    0.00000    0.00000
  displaced_Ag__b       Ag              Ag              -0.00222    0.00000    0.00000

Invariance conditions are not enforced.
No approximation to LO/TO splitting
Properties: Phonon dispersion and form factors 
            Phonon density of states 
            Thermodynamic functions
==========================================


VASP parameters
===============
Since no magnetic moments are in the model, this is a non-magnetic calculation using 'accurate' precision
and a user-defined planewave cutoff energy of 600.000 eV.

The electronic iterations convergence is 1.00E-005 eV using the Very Fast (RMM-DIIS) algorithm
and reciprocal space projection operators.

The requested k-spacing is 0.1 per Angstrom, which leads to a 7x7x7 mesh.
This corresponds to actual k-spacings of 0.100 x 0.100 x 0.100 per Angstrom.

Using first order Methfessel-Paxton smearing with a width of 0.2 eV.

Other non-default parameters:
	Extrafine augmentation grid for accurate forces is TRUE
	Algorithm is Very Fast (RMM-DIIS)
	Wave functions is TRUE
==========================================

------------------------------------------------------------------------

Results for initial structural minimization of the supercell without displacements:
--------------------------------------------------------------------------------------

There are 20 symmetry-unique k-points
The plane wave cutoff is 600.00 eV

   VASP energy:             -84.082862 eV for Ag32

   Initial VASP energy:     -84.082862 eV for Ag32
   Relaxation energy:         0.000000 eV gained after 1 optimization steps.

Electronic contributions:
                          Empirical Formula          Cell
                                    Ag          (Ag)32
                          --------------- ---------------
              VASP Energy        -253.524       -8112.761 kJ/mol
      Energy of formation          19.302         617.674
                  PV term        -144.134       -4612.300

   This is the electronic part of the formation energy with respect to the
   elements in their standard state. It is obtained from the total energy (above)
   and tabulated VASP energies for the elements in their standard state.
   See the documentation for more details.

   Details for Ag:
                                             VASP energy (Etot):     -253.52 kJ/mol
       Standard state energy of 1.00 atoms of Ag  1.00 * -272.83:  -  -272.83
                                                                   ----------
                                        Energy of formation (Ef):       19.30 kJ/mol


Cell parameters:
 Parameter    Value    
---------- ------------
         a     8.993741
         b     8.993741
         c     8.993741
     alpha    89.999999
      beta    89.999999
     gamma    89.999999

    Volume    90.935025 Ang^3

        Density:     7.879 Mg/m^3

   The pressure given below is exerted by the system according to its volume.
   Positive pressure would cause expansion during full geometry optimization.
       Pressure:   -10.528 GPa
               =  -105.280 kbar

                      XX        YY        ZZ        XY        YZ        ZX
         Stress:    10.528    10.528    10.528     0.000     0.000     0.000 GPa
               =   105.280   105.280   105.280     0.000     0.000     0.000 kbar
   The stress tensor above is imposed on the system, i.e. negative values of diagonal components 
   would cause expansion of the corresponding lattice parameter upon full geometry optimization.
   The pressure and stress include only electronic terms, i.e. the vibrational,
   temperature and other terms are not included here.

Fractional Coordinates:
	Atom          Initial Coordinates             Final Coordinates
	-----      -------- -------- --------      -------- -------- --------
	Ag           0.7500   0.7500   0.5000        0.7500   0.7500   0.5000
	Ag           0.7500   0.7500   0.0000        0.7500   0.7500   0.0000
	Ag           0.7500   0.0000   0.2500        0.7500   0.0000   0.2500
	Ag           0.7500   0.2500   0.5000        0.7500   0.2500   0.5000
	Ag           0.0000   0.7500   0.2500        0.0000   0.7500   0.2500
	Ag           0.0000   0.0000   0.5000        0.0000   0.0000   0.5000
	Ag           0.2500   0.7500   0.5000        0.2500   0.7500   0.5000
	Ag           0.7500   0.0000   0.7500        0.7500   0.0000   0.7500
	Ag           0.7500   0.2500   0.0000        0.7500   0.2500   0.0000
	Ag           0.7500   0.5000   0.2500        0.7500   0.5000   0.2500
	Ag           0.0000   0.7500   0.7500        0.0000   0.7500   0.7500
	Ag           0.0000   0.0000   0.0000        0.0000   0.0000   0.0000
	Ag           0.0000   0.2500   0.2500        0.0000   0.2500   0.2500
	Ag           0.0000   0.5000   0.5000        0.0000   0.5000   0.5000
	Ag           0.2500   0.7500   0.0000        0.2500   0.7500   0.0000
	Ag           0.2500   0.0000   0.2500        0.2500   0.0000   0.2500
	Ag           0.2500   0.2500   0.5000        0.2500   0.2500   0.5000
	Ag           0.5000   0.7500   0.2500        0.5000   0.7500   0.2500
	Ag           0.5000   0.0000   0.5000        0.5000   0.0000   0.5000
	Ag           0.7500   0.5000   0.7500        0.7500   0.5000   0.7500
	Ag           0.0000   0.2500   0.7500        0.0000   0.2500   0.7500
	Ag           0.0000   0.5000   0.0000        0.0000   0.5000   0.0000
	Ag           0.2500   0.0000   0.7500        0.2500   0.0000   0.7500
	Ag           0.2500   0.2500   0.0000        0.2500   0.2500   0.0000
	Ag           0.2500   0.5000   0.2500        0.2500   0.5000   0.2500
	Ag           0.5000   0.7500   0.7500        0.5000   0.7500   0.7500
	Ag           0.5000   0.0000   0.0000        0.5000   0.0000   0.0000
	Ag           0.5000   0.2500   0.2500        0.5000   0.2500   0.2500
	Ag           0.5000   0.5000   0.5000        0.5000   0.5000   0.5000
	Ag           0.2500   0.5000   0.7500        0.2500   0.5000   0.7500
	Ag           0.5000   0.2500   0.7500        0.5000   0.2500   0.7500
	Ag           0.5000   0.5000   0.0000        0.5000   0.5000   0.0000

Results for supercell calculations:
------------------------------------------------------------------------
	        Supercell         Energy (eV)
	      -------------      -------------
	        undisplaced       -84.08286
	     displaced_Ag__a      -84.08270
	     displaced_Ag__b      -84.08270


Symmetry analysis of Gamma point phonon frequencies:
----------------------------------------------------
   Crystal  Point  Group: O_h   (m3m) 
   Supercell Point Group: O_h   (m3m) 
    Table of irreducible representations of point group:
 ------------------------------------------
    IR     1  5  7  9 11  6  8 10 12 13 16 17 18 21 23 14 15 19 20 22 24  2  3  4 25 38 39 43 44 46 48 29 30 31 32 33 34 35 36 26 27 28 37 40 41 42 45 47
 ------------------------------------------
 A1g(R)    1  1  1  1  1  1  1  1  1  1  1  1  1  1  1  1  1  1  1  1  1  1  1  1  1  1  1  1  1  1  1  1  1  1  1  1  1  1  1  1  1  1  1  1  1  1  1  1   x^2+y^2+z^2                         
 A2g       1  1  1  1  1  1  1  1  1 -1 -1 -1 -1 -1 -1 -1 -1 -1 -1 -1 -1  1  1  1  1 -1 -1 -1 -1 -1 -1  1  1  1  1  1  1  1  1  1  1  1 -1 -1 -1 -1 -1 -1                                       
 Eg(R)     2 -1 -1 -1 -1 -1 -1 -1 -1  0  0  0  0  0  0  0  0  0  0  0  0  2  2  2  2  0  0  0  0  0  0 -1 -1 -1 -1 -1 -1 -1 -1  2  2  2  0  0  0  0  0  0   (2z^2-x^2-y^2, x^2-y^2)             
 T1g       3  0  0  0  0  0  0  0  0 -1 -1 -1 -1 -1 -1  1  1  1  1  1  1 -1 -1 -1  3  1  1  1  1  1  1  0  0  0  0  0  0  0  0 -1 -1 -1 -1 -1 -1 -1 -1 -1                                       
 T2g(R)    3  0  0  0  0  0  0  0  0  1  1  1  1  1  1 -1 -1 -1 -1 -1 -1 -1 -1 -1  3 -1 -1 -1 -1 -1 -1  0  0  0  0  0  0  0  0 -1 -1 -1  1  1  1  1  1  1   (xy,xz,yz)                          
 A1u       1  1  1  1  1  1  1  1  1  1  1  1  1  1  1  1  1  1  1  1  1  1  1  1 -1 -1 -1 -1 -1 -1 -1 -1 -1 -1 -1 -1 -1 -1 -1 -1 -1 -1 -1 -1 -1 -1 -1 -1                                       
 A2u       1  1  1  1  1  1  1  1  1 -1 -1 -1 -1 -1 -1 -1 -1 -1 -1 -1 -1  1  1  1 -1  1  1  1  1  1  1 -1 -1 -1 -1 -1 -1 -1 -1 -1 -1 -1  1  1  1  1  1  1                                       
 Eu        2 -1 -1 -1 -1 -1 -1 -1 -1  0  0  0  0  0  0  0  0  0  0  0  0  2  2  2 -2  0  0  0  0  0  0  1  1  1  1  1  1  1  1 -2 -2 -2  0  0  0  0  0  0                                       
 T1u(I)    3  0  0  0  0  0  0  0  0 -1 -1 -1 -1 -1 -1  1  1  1  1  1  1 -1 -1 -1 -3 -1 -1 -1 -1 -1 -1  0  0  0  0  0  0  0  0  1  1  1  1  1  1  1  1  1   (x,y,z)                             
 T2u       3  0  0  0  0  0  0  0  0  1  1  1  1  1  1 -1 -1 -1 -1 -1 -1 -1 -1 -1 -3  1  1  1  1  1  1  0  0  0  0  0  0  0  0  1  1  1 -1 -1 -1 -1 -1 -1                                       
 ------------------------------------------
    Wave vector= 0.0000  0.0000  0.0000    no macro. electric field
 Multi. Omega   Irreducible Representations
  3    -0.017     T1u(I)                                                                                                     
Notation: (R)  Raman active mode
          (I)  Infrared active mode
          (RI) Raman and Infrared active mode

Thermodynamic Properties
   for empirical formula Ag

The following thermodynamic functions are obtained from the phonon
density of states within the harmonic approximation. The results are
meaningful only below the melting point, which lies well below 3000 K
for most materials.
Definitions:
      Cv            : vibrational heat capacity at constant volume
E_vib(T)=E(T)-E(0)  : the change in vibrational internal energy from 0 K, where
                        E(0) = E_elec + ZPE is the electronic energy of formation E_elec plus the zero point energy ZPE
      S(T)          : the vibrational entropy at temperature T
   -(A(T)-E(0))     : the change in the vibrational Helmholtz free energy from 0 K
      E(T)          : the electronic energy of formation plus the vibrational internal energy, so this term is
                        E_elec + ZPE + E_vib(T)
      A(T)          : the electronic plus vibrational Helmholtz free energy,
                        E(T) - T.S(T)
Note that the electronic energy, which is part of the enthalpy and free energies,
 is referenced to the elements in their standard state.

Electronic energy =    19.30 kJ/mol (referenced to elements in the standard state)
          PV term =  -144.13 kJ/mol
Zero-point energy =     0.77 kJ/mol

    T       Cv       E(T)-E(0)      S(T)   -(A(T)-E(0))     E(T)        A(T)
    K     J/K/mol      kJ/mol     J/K/mol     kJ/mol       kJ/mol      kJ/mol
  ----- ----------- ----------- ----------- ----------- ----------- -----------
     0      0.0000      0.0000      0.0000      0.0000     20.0693     20.0693
     1      0.0010      0.0000      0.0002      0.0000     20.0693     20.0693
     2      0.0131      0.0000      0.0038      0.0000     20.0693     20.0693
     3      0.0389      0.0000      0.0135      0.0000     20.0694     20.0693
     4      0.0867      0.0001      0.0304      0.0000     20.0694     20.0693
     5      0.1908      0.0002      0.0594      0.0001     20.0696     20.0693
    10      2.8624      0.0062      0.7875      0.0017     20.0755     20.0677
    15      7.8113      0.0327      2.8687      0.0103     20.1021     20.0590
    20     12.2154      0.0833      5.7465      0.0317     20.1526     20.0377
    30     17.7044      0.2361     11.8671      0.1199     20.3054     19.9494
    40     20.4451      0.4283     17.3790      0.2668     20.4977     19.8025
    50     21.9198      0.6408     22.1152      0.4649     20.7102     19.6044
    60     22.7851      0.8647     26.1946      0.7069     20.9341     19.3624
    70     23.3306      1.0955     29.7509      0.9871     21.1648     19.0823
    80     23.6947      1.3307     32.8915      1.3006     21.4001     18.7688
    90     23.9491      1.5690     35.6979      1.6438     21.6384     18.4256
   100     24.1335      1.8095     38.2312      2.0136     21.8788     18.0557
   125     24.4204      2.4168     43.6508      3.0395     22.4861     17.0298
   150     24.5784      3.0294     48.1184      4.1883     23.0988     15.8811
   175     24.6743      3.6452     51.9149      5.4399     23.7145     14.6295
   200     24.7369      4.2629     55.2141      6.7799     24.3322     13.2895
   225     24.7799      4.8819     58.1303      8.1974     24.9512     11.8720
   250     24.8107      5.5018     60.7428      9.6838     25.5711     10.3855
   273     24.8320      6.0727     62.9274     11.1064     26.1420      8.9629
   275     24.8336      6.1223     63.1086     11.2324     26.1917      8.8369
   298     24.8497      6.6937     65.1040     12.7072     26.7630      7.3622
   300     24.8510      6.7434     65.2702     12.8375     26.8127      7.2318
   350     24.8753      7.9866     69.1030     16.1993     28.0559      3.8700
   400     24.8911      9.2308     72.4257     19.7393     29.3001      0.3300
   450     24.9019     10.4756     75.3581     23.4353     30.5449     -3.3660
   500     24.9097     11.7209     77.9822     27.2700     31.7902     -7.2006
   550     24.9154     12.9665     80.3566     31.2294     33.0359    -11.1600
   600     24.9198     14.2124     82.5248     35.3022     34.2817    -15.2328
   650     24.9232     15.4585     84.5195     39.4789     35.5278    -19.4096
   700     24.9259     16.7047     86.3667     43.7516     36.7740    -23.6823
   750     24.9281     17.9510     88.0864     48.1134     38.0204    -28.0441
   800     24.9299     19.1975     89.6953     52.5583     39.2668    -32.4890
   850     24.9313     20.4440     91.2067     57.0812     40.5133    -37.0119
   900     24.9326     21.6906     92.6318     61.6775     41.7599    -41.6082
   950     24.9336     22.9372     93.9798     66.3431     43.0066    -46.2738
  1000     24.9345     24.1839     95.2588     71.0743     44.2533    -51.0050
  1050     24.9353     25.4307     96.4754     75.8679     45.5000    -55.7985
  1100     24.9360     26.6775     97.6354     80.7208     46.7468    -60.6515
  1150     24.9365     27.9243     98.7439     85.6305     47.9936    -65.5612
  1200     24.9371     29.1711     99.8052     90.5944     49.2404    -70.5250
  1250     24.9375     30.4179    100.8232     95.6102     50.4873    -75.5409
  1300     24.9379     31.6648    101.8012    100.6760     51.7341    -80.6067
  1350     24.9383     32.9117    102.7423    105.7896     52.9811    -85.7203
  1400     24.9386     34.1586    103.6494    110.9496     54.2280    -90.8802
  1450     24.9389     35.4056    104.5245    116.1540     55.4749    -96.0846
  1500     24.9391     36.6525    105.3700    121.4014     56.7218   -101.3321
  1550     24.9394     37.8995    106.1877    126.6905     57.9688   -106.6211
  1600     24.9396     39.1464    106.9795    132.0197     59.2158   -111.9504
  1650     24.9398     40.3934    107.7469    137.3879     60.4627   -117.3186
  1700     24.9399     41.6404    108.4915    142.7940     61.7097   -122.7246
  1750     24.9401     42.8874    109.2144    148.2367     62.9567   -128.1674
  1800     24.9402     44.1344    109.9170    153.7150     64.2037   -133.6457
  1850     24.9404     45.3814    110.6003    159.2280     65.4507   -139.1587
  1900     24.9405     46.6284    111.2655    164.7747     66.6977   -144.7053
  1950     24.9406     47.8754    111.9133    170.3541     67.9447   -150.2848
  2000     24.9407     49.1224    112.5447    175.9656     69.1918   -155.8963
  2100     24.9409     51.6165    113.7616    187.2814     71.6858   -167.2121
  2200     24.9411     54.1106    114.9219    198.7160     74.1799   -178.6466
  2300     24.9412     56.6047    116.0305    210.2639     76.6740   -190.1946
  2400     24.9414     59.0988    117.0920    221.9203     79.1681   -201.8510
  2500     24.9415     61.5929    118.1101    233.6807     81.6623   -213.6114
  2600     24.9416     64.0871    119.0884    245.5410     84.1564   -225.4716
  2700     24.9417     66.5812    120.0297    257.4970     86.6506   -237.4277
  2800     24.9417     69.0754    120.9368    269.5456     89.1447   -249.4762
  2900     24.9418     71.5695    121.8120    281.6831     91.6389   -261.6138
  3000     24.9419     74.0637    122.6576    293.9067     94.1330   -273.8374

Job completed on Wed 18 January 2017 at 19:18:09 æ±äº¬ (æ¨™æº–æ™‚) after 25098 s (6:58:18)
