 running on    4 nodes
 distr:  one band on    1 nodes,    4 groups
 vasp.4.6.28 25Jul05 complex 
 POSCAR found :  1 types and   32 ions

 ----------------------------------------------------------------------------- 
|                                                                             |
|  ADVICE TO THIS USER RUNNING 'VASP/VAMP'   (HEAR YOUR MASTER'S VOICE ...):  |
|                                                                             |
|      You have a (more or less) 'large supercell' and for larger cells       |
|      it might be more efficient to use real space projection operators      |
|      So try LREAL= Auto  in the INCAR   file.                               |
|      Mind: If you want to do an extremely accurate calculations keep the    |
|      reciprocal projection scheme          (i.e. LREAL=.FALSE.)             |
|                                                                             |
 ----------------------------------------------------------------------------- 

 LDA part: xc-table for Pade appr. of Perdew
 POSCAR, INCAR and KPOINTS ok, starting setup
 FFT: planning ...           4
 reading WAVECAR
 entering main loop
       N       E                     dE             d eps       ncg     rms          rms(c)
RMM:   1     0.396981106997E+04    0.39698E+04   -0.15871E+05  4240   0.165E+03
RMM:   2     0.884114281512E+03   -0.30857E+04   -0.33924E+04  4240   0.400E+02
RMM:   3     0.225386722471E+03   -0.65873E+03   -0.71002E+03  4240   0.158E+02
RMM:   4     0.117211574187E+02   -0.21367E+03   -0.15891E+03  4240   0.757E+01
RMM:   5    -0.636343226788E+02   -0.75355E+02   -0.46729E+02  4240   0.474E+01
RMM:   6    -0.833494366578E+02   -0.19715E+02   -0.13083E+02  4240   0.246E+01
RMM:   7    -0.874867970379E+02   -0.41374E+01   -0.32621E+01  4240   0.144E+01
RMM:   8    -0.883656543742E+02   -0.87886E+00   -0.82360E+00  4240   0.675E+00
RMM:   9    -0.886627081234E+02   -0.29705E+00   -0.27922E+00  8475   0.371E+00
RMM:  10    -0.886922413120E+02   -0.29533E-01   -0.27880E-01  8486   0.549E-01
RMM:  11    -0.886934222034E+02   -0.11809E-02   -0.10635E-02  8284   0.270E-01
RMM:  12    -0.886935492539E+02   -0.12705E-03   -0.12241E-03  7475   0.260E-02    0.121E+01
RMM:  13    -0.841477890926E+02    0.45458E+01   -0.20522E+01  8480   0.142E+01    0.253E+00
RMM:  14    -0.841052279885E+02    0.42561E-01   -0.31977E-01  8480   0.106E+00    0.149E+00
RMM:  15    -0.840842772976E+02    0.20951E-01   -0.67976E-02  8480   0.110E+00    0.292E-01
RMM:  16    -0.840839630770E+02    0.31422E-03   -0.32642E-02  8480   0.522E-01    0.178E-01
RMM:  17    -0.840829358838E+02    0.10272E-02   -0.16169E-03  8480   0.136E-01    0.454E-02
RMM:  18    -0.840828652784E+02    0.70605E-04   -0.30174E-04  8471   0.503E-02    0.296E-03
RMM:  19    -0.840828623455E+02    0.29330E-05   -0.52160E-06  4516   0.393E-03
   1 F= -.84082862E+02 E0= -.84077102E+02  d E =-.840829E+02
 curvature:   0.00 expect dE= 0.000E+00 dE for cont linesearch  0.000E+00
 trial: gam= 0.00000 g(F)=  0.874E-57 g(S)=  0.000E+00 ort = 0.000E+00 (trialstep = 0.100E+01)
 search vector abs. value=  0.100E-09
 reached required accuracy - stopping structural energy minimisation
 writing wavefunctions

 ----------------------------------------------------------------------------- 
|                                                                             |
|           W    W    AA    RRRRR   N    N  II  N    N   GGGG   !!!           |
|           W    W   A  A   R    R  NN   N  II  NN   N  G    G  !!!           |
|           W    W  A    A  R    R  N N  N  II  N N  N  G       !!!           |
|           W WW W  AAAAAA  RRRRR   N  N N  II  N  N N  G  GGG   !            |
|           WW  WW  A    A  R   R   N   NN  II  N   NN  G    G                |
|           W    W  A    A  R    R  N    N  II  N    N   GGGG   !!!           |
|                                                                             |
|      The partial DOS and the PROCAR file are not evaluated for NPAR/=1      |
|      please rerun with NPAR=1                                               |
|                                                                             |
 ----------------------------------------------------------------------------- 

