       N       E                     dE             d eps       ncg     rms          rms(c)
RMM:   1    -0.864531766186E+02   -0.86453E+02   -0.54791E+02 17474   0.430E+01    0.639E+00
RMM:   2    -0.853771725647E+02    0.10760E+01   -0.11267E+01 17793   0.108E+01    0.124E+00
RMM:   3    -0.853708557232E+02    0.63168E-02   -0.18250E-01 18255   0.773E-01    0.652E-01
RMM:   4    -0.853707476119E+02    0.10811E-03   -0.43968E-02 18141   0.660E-01    0.201E-01
RMM:   5    -0.853699087066E+02    0.83891E-03   -0.10001E-02 18202   0.340E-01    0.612E-02
RMM:   6    -0.853698533980E+02    0.55309E-04   -0.16028E-04 18564   0.317E-02    0.368E-02
RMM:   7    -0.853698115415E+02    0.41856E-04   -0.24660E-04 18275   0.515E-02    0.617E-03
RMM:   8    -0.853698081134E+02    0.34281E-05   -0.30355E-06 10356   0.277E-03
   1 F= -.85369808E+02 E0= -.85365826E+02  d E =-.119467E-01
