 running on    4 nodes
 distr:  one band on    1 nodes,    4 groups
 vasp.4.6.28 25Jul05 complex 
 POSCAR found :  1 types and   32 ions

 ----------------------------------------------------------------------------- 
|                                                                             |
|  ADVICE TO THIS USER RUNNING 'VASP/VAMP'   (HEAR YOUR MASTER'S VOICE ...):  |
|                                                                             |
|      You have a (more or less) 'large supercell' and for larger cells       |
|      it might be more efficient to use real space projection operators      |
|      So try LREAL= Auto  in the INCAR   file.                               |
|      Mind: If you want to do an extremely accurate calculations keep the    |
|      reciprocal projection scheme          (i.e. LREAL=.FALSE.)             |
|                                                                             |
 ----------------------------------------------------------------------------- 

 LDA part: xc-table for Pade appr. of Perdew
 found WAVECAR, reading the header
  number of k-points has changed, file:  20 present:  40
  trying to continue reading WAVECAR, but it might fail
 POSCAR, INCAR and KPOINTS ok, starting setup
 FFT: planning ...           1
 reading WAVECAR
 the WAVECAR file was read sucessfully
 initial charge from wavefunction
 entering main loop
       N       E                     dE             d eps       ncg     rms          rms(c)
RMM:   1    -0.877353084968E+02   -0.87735E+02   -0.55665E+02 17485   0.434E+01BRMIX: very serious problems
 the old and the new charge density differ
 old charge density:   344.66714 new  352.00000
    0.659E+00
RMM:   2    -0.865592217709E+02    0.11761E+01   -0.11562E+01 17784   0.110E+01    0.124E+00
RMM:   3    -0.865530888563E+02    0.61329E-02   -0.17521E-01 18272   0.769E-01    0.652E-01
RMM:   4    -0.865530333556E+02    0.55501E-04   -0.41903E-02 18142   0.646E-01    0.200E-01
RMM:   5    -0.865522323262E+02    0.80103E-03   -0.95731E-03 18160   0.336E-01    0.593E-02
RMM:   6    -0.865521803175E+02    0.52009E-04   -0.14109E-04 18494   0.307E-02    0.354E-02
RMM:   7    -0.865521423295E+02    0.37988E-04   -0.21417E-04 18223   0.481E-02    0.521E-03
WARNING in EDDRMM: call to ZHEGV failed, returncode =   8 452
RMM:   8    -0.865521388767E+02    0.34527E-05   -0.30493E-06 10211   0.313E-03
   1 F= -.86552139E+02 E0= -.86547576E+02  d E =-.136876E-01

 ----------------------------------------------------------------------------- 
|                                                                             |
|           W    W    AA    RRRRR   N    N  II  N    N   GGGG   !!!           |
|           W    W   A  A   R    R  NN   N  II  NN   N  G    G  !!!           |
|           W    W  A    A  R    R  N N  N  II  N N  N  G       !!!           |
|           W WW W  AAAAAA  RRRRR   N  N N  II  N  N N  G  GGG   !            |
|           WW  WW  A    A  R   R   N   NN  II  N   NN  G    G                |
|           W    W  A    A  R    R  N    N  II  N    N   GGGG   !!!           |
|                                                                             |
|      The partial DOS and the PROCAR file are not evaluated for NPAR/=1      |
|      please rerun with NPAR=1                                               |
|                                                                             |
 ----------------------------------------------------------------------------- 

