       N       E                     dE             d eps       ncg     rms          rms(c)
RMM:   1    -0.877353084968E+02   -0.87735E+02   -0.55665E+02 17485   0.434E+01    0.659E+00
RMM:   2    -0.865592217709E+02    0.11761E+01   -0.11562E+01 17784   0.110E+01    0.124E+00
RMM:   3    -0.865530888563E+02    0.61329E-02   -0.17521E-01 18272   0.769E-01    0.652E-01
RMM:   4    -0.865530333556E+02    0.55501E-04   -0.41903E-02 18142   0.646E-01    0.200E-01
RMM:   5    -0.865522323262E+02    0.80103E-03   -0.95731E-03 18160   0.336E-01    0.593E-02
RMM:   6    -0.865521803175E+02    0.52009E-04   -0.14109E-04 18494   0.307E-02    0.354E-02
RMM:   7    -0.865521423295E+02    0.37988E-04   -0.21417E-04 18223   0.481E-02    0.521E-03
RMM:   8    -0.865521388767E+02    0.34527E-05   -0.30493E-06 10211   0.313E-03
   1 F= -.86552139E+02 E0= -.86547576E+02  d E =-.136876E-01
