       N       E                     dE             d eps       ncg     rms          rms(c)
RMM:   1    -0.877357257184E+02   -0.87736E+02   -0.55665E+02 17493   0.434E+01    0.659E+00
RMM:   2    -0.865592614870E+02    0.11765E+01   -0.11561E+01 17781   0.110E+01    0.124E+00
RMM:   3    -0.865530891763E+02    0.61723E-02   -0.17509E-01 18278   0.769E-01    0.652E-01
RMM:   4    -0.865530257211E+02    0.63455E-04   -0.41818E-02 18139   0.645E-01    0.200E-01
RMM:   5    -0.865522339473E+02    0.79177E-03   -0.95540E-03 18159   0.335E-01    0.593E-02
RMM:   6    -0.865521809929E+02    0.52954E-04   -0.13954E-04 18501   0.305E-02    0.358E-02
RMM:   7    -0.865521423087E+02    0.38684E-04   -0.21628E-04 18220   0.483E-02    0.505E-03
RMM:   8    -0.865521389481E+02    0.33605E-05   -0.31571E-06 10236   0.326E-03
   1 F= -.86552139E+02 E0= -.86547576E+02  d E =-.136876E-01
