       N       E                     dE             d eps       ncg     rms          rms(c)
RMM:   1    -0.889081078528E+02   -0.88908E+02   -0.56581E+02 17454   0.439E+01    0.679E+00
RMM:   2    -0.876298833300E+02    0.12782E+01   -0.11848E+01 17776   0.113E+01    0.123E+00
RMM:   3    -0.876241569130E+02    0.57264E-02   -0.16961E-01 18223   0.762E-01    0.650E-01
RMM:   4    -0.876241659773E+02   -0.90643E-05   -0.39017E-02 18121   0.622E-01    0.197E-01
RMM:   5    -0.876234521717E+02    0.71381E-03   -0.89611E-03 18155   0.327E-01    0.571E-02
RMM:   6    -0.876234022187E+02    0.49953E-04   -0.12992E-04 18524   0.300E-02    0.338E-02
RMM:   7    -0.876233685461E+02    0.33673E-04   -0.18102E-04 18257   0.442E-02    0.425E-03
RMM:   8    -0.876233650071E+02    0.35390E-05   -0.32748E-06 10220   0.376E-03
   1 F= -.87623365E+02 E0= -.87618419E+02  d E =-.148368E-01
