       N       E                     dE             d eps       ncg     rms          rms(c)
RMM:   1    -0.889076660024E+02   -0.88908E+02   -0.56581E+02 17451   0.439E+01    0.679E+00
RMM:   2    -0.876298831686E+02    0.12778E+01   -0.11847E+01 17775   0.113E+01    0.123E+00
RMM:   3    -0.876241551254E+02    0.57280E-02   -0.16955E-01 18222   0.762E-01    0.650E-01
RMM:   4    -0.876241632493E+02   -0.81239E-05   -0.38983E-02 18118   0.622E-01    0.197E-01
RMM:   5    -0.876234510538E+02    0.71220E-03   -0.89239E-03 18153   0.326E-01    0.568E-02
RMM:   6    -0.876234031420E+02    0.47912E-04   -0.12689E-04 18504   0.292E-02    0.342E-02
RMM:   7    -0.876233685227E+02    0.34619E-04   -0.18656E-04 18253   0.449E-02    0.434E-03
RMM:   8    -0.876233650425E+02    0.34802E-05   -0.31885E-06 10212   0.364E-03
   1 F= -.87623365E+02 E0= -.87618419E+02  d E =-.148368E-01
