 running on    4 nodes
 distr:  one band on    1 nodes,    4 groups
 vasp.4.6.28 25Jul05 complex 
 POSCAR found :  1 types and   32 ions

 ----------------------------------------------------------------------------- 
|                                                                             |
|  ADVICE TO THIS USER RUNNING 'VASP/VAMP'   (HEAR YOUR MASTER'S VOICE ...):  |
|                                                                             |
|      You have a (more or less) 'large supercell' and for larger cells       |
|      it might be more efficient to use real space projection operators      |
|      So try LREAL= Auto  in the INCAR   file.                               |
|      Mind: If you want to do an extremely accurate calculations keep the    |
|      reciprocal projection scheme          (i.e. LREAL=.FALSE.)             |
|                                                                             |
 ----------------------------------------------------------------------------- 

 LDA part: xc-table for Pade appr. of Perdew
 found WAVECAR, reading the header
  number of k-points has changed, file:  20 present:  40
  trying to continue reading WAVECAR, but it might fail
 POSCAR, INCAR and KPOINTS ok, starting setup
 FFT: planning ...           1
 reading WAVECAR
 the WAVECAR file was read sucessfully
 initial charge from wavefunction
 entering main loop
       N       E                     dE             d eps       ncg     rms          rms(c)
RMM:   1    -0.889081078528E+02   -0.88908E+02   -0.56581E+02 17454   0.439E+01BRMIX: very serious problems
 the old and the new charge density differ
 old charge density:   344.59842 new  352.00000
    0.679E+00
RMM:   2    -0.876298833300E+02    0.12782E+01   -0.11848E+01 17776   0.113E+01    0.123E+00
RMM:   3    -0.876241569130E+02    0.57264E-02   -0.16961E-01 18223   0.762E-01    0.650E-01
RMM:   4    -0.876241659773E+02   -0.90643E-05   -0.39017E-02 18121   0.622E-01    0.197E-01
RMM:   5    -0.876234521717E+02    0.71381E-03   -0.89611E-03 18155   0.327E-01    0.571E-02
RMM:   6    -0.876234022187E+02    0.49953E-04   -0.12992E-04 18524   0.300E-02    0.338E-02
RMM:   7    -0.876233685461E+02    0.33673E-04   -0.18102E-04 18257   0.442E-02    0.425E-03
RMM:   8    -0.876233650071E+02    0.35390E-05   -0.32748E-06 10220   0.376E-03
   1 F= -.87623365E+02 E0= -.87618419E+02  d E =-.148368E-01

 ----------------------------------------------------------------------------- 
|                                                                             |
|           W    W    AA    RRRRR   N    N  II  N    N   GGGG   !!!           |
|           W    W   A  A   R    R  NN   N  II  NN   N  G    G  !!!           |
|           W    W  A    A  R    R  N N  N  II  N N  N  G       !!!           |
|           W WW W  AAAAAA  RRRRR   N  N N  II  N  N N  G  GGG   !            |
|           WW  WW  A    A  R   R   N   NN  II  N   NN  G    G                |
|           W    W  A    A  R    R  N    N  II  N    N   GGGG   !!!           |
|                                                                             |
|      The partial DOS and the PROCAR file are not evaluated for NPAR/=1      |
|      please rerun with NPAR=1                                               |
|                                                                             |
 ----------------------------------------------------------------------------- 

