Startup is 'sourced'
Opening the database
Phonon calculation for Untitled

Phonon parameters
=================
The calculation explores the full Brillouin zone and accounts for an interaction range of about 10.0 Angstroem.
The asymmetric atoms are displaced by +/-0.02 Angstroem.

In a first step, need to run an optimization of atom positions for the supercell containing 32 atoms.
Then, need to run a total number of 2 single point energy calculations on supercells with displaced atoms containing 32 atoms.

      Supercell transformation matrix              Supercell lattice vectors
       2.00000    0.00000    0.00000             8.74392    0.00000    0.00000
       0.00000    2.00000    0.00000             0.00000    8.74392    0.00000
       0.00000    0.00000    2.00000             0.00000    0.00000    8.74392

     Supercell           Site        Displaced atom     Displacement (fractional units)
   ---------------    ----------     --------------     -------------------------------
  undisplaced           ----            ----             0.00000    0.00000    0.00000
  displaced_Ag__a       Ag              Ag               0.00229    0.00000    0.00000
  displaced_Ag__b       Ag              Ag              -0.00229    0.00000    0.00000

Invariance conditions are not enforced.
No approximation to LO/TO splitting
Properties: Phonon dispersion and form factors 
            Phonon density of states 
            Thermodynamic functions
==========================================


VASP parameters
===============
Since no magnetic moments are in the model, this is a non-magnetic calculation using 'accurate' precision
and a user-defined planewave cutoff energy of 600.000 eV.

The electronic iterations convergence is 1.00E-005 eV using the Very Fast (RMM-DIIS) algorithm
and reciprocal space projection operators.

The requested k-spacing is 0.1 per Angstrom, which leads to a 25x25x25 mesh.
This corresponds to actual k-spacings of 0.100 x 0.100 x 0.100 per Angstrom.

Using first order Methfessel-Paxton smearing with a width of 0.2 eV.

Other non-default parameters:
	Extrafine augmentation grid for accurate forces is TRUE
	Algorithm is Very Fast (RMM-DIIS)
	Wave functions is TRUE
==========================================

------------------------------------------------------------------------

Results for initial structural minimization of the supercell without displacements:
--------------------------------------------------------------------------------------

There are 20 symmetry-unique k-points
The plane wave cutoff is 600.00 eV

   VASP energy:             -87.623718 eV for Ag32

   Initial VASP energy:     -87.623718 eV for Ag32
   Relaxation energy:         0.000000 eV gained after 1 optimization steps.

Electronic contributions:
                          Empirical Formula          Cell
                                    Ag          (Ag)32
                          --------------- ---------------
              VASP Energy        -264.200       -8454.402 kJ/mol
      Energy of formation           8.626         276.034
                  PV term        -107.468       -3438.991

   This is the electronic part of the formation energy with respect to the
   elements in their standard state. It is obtained from the total energy (above)
   and tabulated VASP energies for the elements in their standard state.
   See the documentation for more details.

   Details for Ag:
                                             VASP energy (Etot):     -264.20 kJ/mol
       Standard state energy of 1.00 atoms of Ag  1.00 * -272.83:  -  -272.83
                                                                   ----------
                                        Energy of formation (Ef):        8.63 kJ/mol


Cell parameters:
 Parameter    Value    
---------- ------------
         a     8.743915
         b     8.743915
         c     8.743915
     alpha    89.999999
      beta    89.999999
     gamma    89.999999

    Volume    83.565655 Ang^3

        Density:     8.574 Mg/m^3

   The pressure given below is exerted by the system according to its volume.
   Positive pressure would cause expansion during full geometry optimization.
       Pressure:    -8.542 GPa
               =   -85.420 kbar

                      XX        YY        ZZ        XY        YZ        ZX
         Stress:     8.542     8.542     8.542     0.000     0.000     0.000 GPa
               =    85.420    85.420    85.420     0.000     0.000     0.000 kbar
   The stress tensor above is imposed on the system, i.e. negative values of diagonal components 
   would cause expansion of the corresponding lattice parameter upon full geometry optimization.
   The pressure and stress include only electronic terms, i.e. the vibrational,
   temperature and other terms are not included here.

Fractional Coordinates:
	Atom          Initial Coordinates             Final Coordinates
	-----      -------- -------- --------      -------- -------- --------
	Ag           0.7500   0.7500   0.5000        0.7500   0.7500   0.5000
	Ag           0.7500   0.7500   0.0000        0.7500   0.7500   0.0000
	Ag           0.7500   0.0000   0.2500        0.7500   0.0000   0.2500
	Ag           0.7500   0.2500   0.5000        0.7500   0.2500   0.5000
	Ag           0.0000   0.7500   0.2500        0.0000   0.7500   0.2500
	Ag           0.0000   0.0000   0.5000        0.0000   0.0000   0.5000
	Ag           0.2500   0.7500   0.5000        0.2500   0.7500   0.5000
	Ag           0.7500   0.0000   0.7500        0.7500   0.0000   0.7500
	Ag           0.7500   0.2500   0.0000        0.7500   0.2500   0.0000
	Ag           0.7500   0.5000   0.2500        0.7500   0.5000   0.2500
	Ag           0.0000   0.7500   0.7500        0.0000   0.7500   0.7500
	Ag           0.0000   0.0000   0.0000        0.0000   0.0000   0.0000
	Ag           0.0000   0.2500   0.2500        0.0000   0.2500   0.2500
	Ag           0.0000   0.5000   0.5000        0.0000   0.5000   0.5000
	Ag           0.2500   0.7500   0.0000        0.2500   0.7500   0.0000
	Ag           0.2500   0.0000   0.2500        0.2500   0.0000   0.2500
	Ag           0.2500   0.2500   0.5000        0.2500   0.2500   0.5000
	Ag           0.5000   0.7500   0.2500        0.5000   0.7500   0.2500
	Ag           0.5000   0.0000   0.5000        0.5000   0.0000   0.5000
	Ag           0.7500   0.5000   0.7500        0.7500   0.5000   0.7500
	Ag           0.0000   0.2500   0.7500        0.0000   0.2500   0.7500
	Ag           0.0000   0.5000   0.0000        0.0000   0.5000   0.0000
	Ag           0.2500   0.0000   0.7500        0.2500   0.0000   0.7500
	Ag           0.2500   0.2500   0.0000        0.2500   0.2500   0.0000
	Ag           0.2500   0.5000   0.2500        0.2500   0.5000   0.2500
	Ag           0.5000   0.7500   0.7500        0.5000   0.7500   0.7500
	Ag           0.5000   0.0000   0.0000        0.5000   0.0000   0.0000
	Ag           0.5000   0.2500   0.2500        0.5000   0.2500   0.2500
	Ag           0.5000   0.5000   0.5000        0.5000   0.5000   0.5000
	Ag           0.2500   0.5000   0.7500        0.2500   0.5000   0.7500
	Ag           0.5000   0.2500   0.7500        0.5000   0.2500   0.7500
	Ag           0.5000   0.5000   0.0000        0.5000   0.5000   0.0000

Results for supercell calculations:
------------------------------------------------------------------------
	        Supercell         Energy (eV)
	      -------------      -------------
	        undisplaced       -87.62372
	     displaced_Ag__a      -87.62337
	     displaced_Ag__b      -87.62337


Symmetry analysis of Gamma point phonon frequencies:
----------------------------------------------------
   Crystal  Point  Group: O_h   (m3m) 
   Supercell Point Group: O_h   (m3m) 
    Table of irreducible representations of point group:
 ------------------------------------------
    IR     1  5  7  9 11  6  8 10 12 13 16 17 18 21 23 14 15 19 20 22 24  2  3  4 25 38 39 43 44 46 48 29 30 31 32 33 34 35 36 26 27 28 37 40 41 42 45 47
 ------------------------------------------
 A1g(R)    1  1  1  1  1  1  1  1  1  1  1  1  1  1  1  1  1  1  1  1  1  1  1  1  1  1  1  1  1  1  1  1  1  1  1  1  1  1  1  1  1  1  1  1  1  1  1  1   x^2+y^2+z^2                         
 A2g       1  1  1  1  1  1  1  1  1 -1 -1 -1 -1 -1 -1 -1 -1 -1 -1 -1 -1  1  1  1  1 -1 -1 -1 -1 -1 -1  1  1  1  1  1  1  1  1  1  1  1 -1 -1 -1 -1 -1 -1                                       
 Eg(R)     2 -1 -1 -1 -1 -1 -1 -1 -1  0  0  0  0  0  0  0  0  0  0  0  0  2  2  2  2  0  0  0  0  0  0 -1 -1 -1 -1 -1 -1 -1 -1  2  2  2  0  0  0  0  0  0   (2z^2-x^2-y^2, x^2-y^2)             
 T1g       3  0  0  0  0  0  0  0  0 -1 -1 -1 -1 -1 -1  1  1  1  1  1  1 -1 -1 -1  3  1  1  1  1  1  1  0  0  0  0  0  0  0  0 -1 -1 -1 -1 -1 -1 -1 -1 -1                                       
 T2g(R)    3  0  0  0  0  0  0  0  0  1  1  1  1  1  1 -1 -1 -1 -1 -1 -1 -1 -1 -1  3 -1 -1 -1 -1 -1 -1  0  0  0  0  0  0  0  0 -1 -1 -1  1  1  1  1  1  1   (xy,xz,yz)                          
 A1u       1  1  1  1  1  1  1  1  1  1  1  1  1  1  1  1  1  1  1  1  1  1  1  1 -1 -1 -1 -1 -1 -1 -1 -1 -1 -1 -1 -1 -1 -1 -1 -1 -1 -1 -1 -1 -1 -1 -1 -1                                       
 A2u       1  1  1  1  1  1  1  1  1 -1 -1 -1 -1 -1 -1 -1 -1 -1 -1 -1 -1  1  1  1 -1  1  1  1  1  1  1 -1 -1 -1 -1 -1 -1 -1 -1 -1 -1 -1  1  1  1  1  1  1                                       
 Eu        2 -1 -1 -1 -1 -1 -1 -1 -1  0  0  0  0  0  0  0  0  0  0  0  0  2  2  2 -2  0  0  0  0  0  0  1  1  1  1  1  1  1  1 -2 -2 -2  0  0  0  0  0  0                                       
 T1u(I)    3  0  0  0  0  0  0  0  0 -1 -1 -1 -1 -1 -1  1  1  1  1  1  1 -1 -1 -1 -3 -1 -1 -1 -1 -1 -1  0  0  0  0  0  0  0  0  1  1  1  1  1  1  1  1  1   (x,y,z)                             
 T2u       3  0  0  0  0  0  0  0  0  1  1  1  1  1  1 -1 -1 -1 -1 -1 -1 -1 -1 -1 -3  1  1  1  1  1  1  0  0  0  0  0  0  0  0  1  1  1 -1 -1 -1 -1 -1 -1                                       
 ------------------------------------------
    Wave vector= 0.0000  0.0000  0.0000    no macro. electric field
 Multi. Omega   Irreducible Representations
  3     0.000     T1u(I)                                                                                                     
Notation: (R)  Raman active mode
          (I)  Infrared active mode
          (RI) Raman and Infrared active mode

Thermodynamic Properties
   for empirical formula Ag

The following thermodynamic functions are obtained from the phonon
density of states within the harmonic approximation. The results are
meaningful only below the melting point, which lies well below 3000 K
for most materials.
Definitions:
      Cv            : vibrational heat capacity at constant volume
E_vib(T)=E(T)-E(0)  : the change in vibrational internal energy from 0 K, where
                        E(0) = E_elec + ZPE is the electronic energy of formation E_elec plus the zero point energy ZPE
      S(T)          : the vibrational entropy at temperature T
   -(A(T)-E(0))     : the change in the vibrational Helmholtz free energy from 0 K
      E(T)          : the electronic energy of formation plus the vibrational internal energy, so this term is
                        E_elec + ZPE + E_vib(T)
      A(T)          : the electronic plus vibrational Helmholtz free energy,
                        E(T) - T.S(T)
Note that the electronic energy, which is part of the enthalpy and free energies,
 is referenced to the elements in their standard state.

Electronic energy =     8.63 kJ/mol (referenced to elements in the standard state)
          PV term =  -107.47 kJ/mol
Zero-point energy =     1.15 kJ/mol

    T       Cv       E(T)-E(0)      S(T)   -(A(T)-E(0))     E(T)        A(T)
    K     J/K/mol      kJ/mol     J/K/mol     kJ/mol       kJ/mol      kJ/mol
  ----- ----------- ----------- ----------- ----------- ----------- -----------
     0      0.0000      0.0000      0.0000      0.0000      9.7783      9.7783
     1      0.0002      0.0000      0.0000      0.0000      9.7783      9.7783
     2      0.0056      0.0000      0.0014      0.0000      9.7783      9.7783
     3      0.0186      0.0000      0.0059      0.0000      9.7783      9.7783
     4      0.0394      0.0000      0.0138      0.0000      9.7783      9.7783
     5      0.0712      0.0001      0.0258      0.0000      9.7784      9.7782
    10      0.8046      0.0017      0.2235      0.0005      9.7800      9.7777
    15      3.1434      0.0110      0.9426      0.0032      9.7892      9.7751
    20      6.3602      0.0346      2.2797      0.0110      9.8129      9.7673
    30     12.2642      0.1292      6.0329      0.0518      9.9074      9.7265
    40     16.2581      0.2733     10.1514      0.1328     10.0516      9.6455
    50     18.7774      0.4494     14.0713      0.2541     10.2277      9.5241
    60     20.3950      0.6459     17.6482      0.4130     10.4241      9.3652
    70     21.4724      0.8555     20.8784      0.6059     10.6338      9.1723
    80     22.2178      1.0742     23.7972      0.8296     10.8525      8.9487
    90     22.7515      1.2992     26.4465      1.0810     11.0775      8.6973
   100     23.1451      1.5288     28.8650      1.3577     11.3070      8.4206
   125     23.7693      2.1160     34.1040      2.1470     11.8943      7.6313
   150     24.1190      2.7150     38.4714      3.0557     12.4933      6.7226
   175     24.3337      3.3208     42.2067      4.0653     13.0991      5.7130
   200     24.4745      3.9311     45.4658      5.1620     13.7093      4.6162
   225     24.5718      4.5442     48.3544      6.3355     14.3225      3.4428
   250     24.6417      5.1594     50.9472      7.5773     14.9377      2.2010
   273     24.6900      5.7268     53.1181      8.7744     15.5050      1.0039
   275     24.6937      5.7761     53.2983      8.8808     15.5544      0.8975
   298     24.7305      6.3445     55.2833     10.1298     16.1228     -0.3515
   300     24.7333      6.3940     55.4487     10.2405     16.1723     -0.4623
   350     24.7887      7.6321     59.2659     13.1108     17.4104     -3.3325
   400     24.8248      8.8725     62.5785     16.1587     18.6508     -6.3804
   450     24.8496     10.1144     65.5039     19.3622     19.8927     -9.5839
   500     24.8674     11.3574     68.1231     22.7039     21.1356    -12.9257
   550     24.8805     12.6011     70.4938     26.1703     22.3793    -16.3920
   600     24.8905     13.8454     72.6591     29.7499     23.6236    -19.9716
   650     24.8983     15.0901     74.6518     33.4333     24.8683    -23.6550
   700     24.9045     16.3351     76.4972     37.2126     26.1134    -27.4343
   750     24.9095     17.5805     78.2156     41.0808     27.3587    -31.3026
   800     24.9136     18.8261     79.8233     45.0322     28.6043    -35.2539
   850     24.9170     20.0718     81.3338     49.0615     29.8501    -39.2832
   900     24.9198     21.3177     82.7581     53.1641     31.0960    -43.3858
   950     24.9222     22.5638     84.1055     57.3360     32.3420    -47.5577
  1000     24.9243     23.8099     85.3839     61.5735     33.5882    -51.7952
  1050     24.9260     25.0562     86.6000     65.8733     34.8344    -56.0950
  1100     24.9276     26.3025     87.7596     70.2325     36.0808    -60.4542
  1150     24.9289     27.5489     88.8677     74.6483     37.3272    -64.8701
  1200     24.9301     28.7954     89.9287     79.1184     38.5737    -69.3401
  1250     24.9311     30.0419     90.9464     83.6404     39.8202    -73.8621
  1300     24.9320     31.2885     91.9242     88.2123     41.0667    -78.4340
  1350     24.9328     32.5351     92.8652     92.8322     42.3134    -83.0539
  1400     24.9336     33.7817     93.7720     97.4982     43.5600    -87.7199
  1450     24.9342     35.0284     94.6469    102.2088     44.8067    -92.4305
  1500     24.9348     36.2752     95.4923    106.9623     46.0534    -97.1841
  1550     24.9354     37.5219     96.3099    111.7575     47.3002   -101.9792
  1600     24.9358     38.7687     97.1015    116.5928     48.5469   -106.8146
  1650     24.9363     40.0155     97.8689    121.4672     49.7937   -111.6889
  1700     24.9367     41.2623     98.6133    126.3793     51.0405   -116.6011
  1750     24.9371     42.5091     99.3361    131.3281     52.2874   -121.5498
  1800     24.9374     43.7560    100.0386    136.3125     53.5342   -126.5342
  1850     24.9377     45.0029    100.7219    141.3316     54.7811   -131.5533
  1900     24.9380     46.2497    101.3870    146.3843     56.0280   -136.6060
  1950     24.9383     47.4966    102.0348    151.4700     57.2749   -141.6917
  2000     24.9385     48.7435    102.6662    156.5874     58.5218   -146.8092
  2100     24.9390     51.2374    103.8829    166.9153     61.0157   -157.1371
  2200     24.9393     53.7313    105.0431    177.3620     63.5096   -167.5837
  2300     24.9397     56.2252    106.1517    187.9221     66.0035   -178.1438
  2400     24.9400     58.7192    107.2131    198.5907     68.4975   -188.8124
  2500     24.9402     61.2132    108.2312    209.3632     70.9915   -199.5849
  2600     24.9405     63.7072    109.2094    220.2354     73.4855   -210.4572
  2700     24.9407     66.2013    110.1507    231.2037     75.9795   -221.4254
  2800     24.9408     68.6953    111.0577    242.2643     78.4736   -232.4860
  2900     24.9410     71.1894    111.9329    253.4140     80.9677   -243.6357
  3000     24.9412     73.6835    112.7785    264.6497     83.4618   -254.8715

Job completed on Fri 20 January 2017 at 12:22:42 æ±äº¬ (æ¨™æº–æ™‚) after 3 s (0:00:03)
