 running on    4 nodes
 distr:  one band on    1 nodes,    4 groups
 vasp.4.6.28 25Jul05 complex 
 POSCAR found :  1 types and   32 ions

 ----------------------------------------------------------------------------- 
|                                                                             |
|  ADVICE TO THIS USER RUNNING 'VASP/VAMP'   (HEAR YOUR MASTER'S VOICE ...):  |
|                                                                             |
|      You have a (more or less) 'large supercell' and for larger cells       |
|      it might be more efficient to use real space projection operators      |
|      So try LREAL= Auto  in the INCAR   file.                               |
|      Mind: If you want to do an extremely accurate calculations keep the    |
|      reciprocal projection scheme          (i.e. LREAL=.FALSE.)             |
|                                                                             |
 ----------------------------------------------------------------------------- 

 LDA part: xc-table for Pade appr. of Perdew
 POSCAR, INCAR and KPOINTS ok, starting setup
 FFT: planning ...           4
 reading WAVECAR
 entering main loop
       N       E                     dE             d eps       ncg     rms          rms(c)
RMM:   1     0.394140977436E+04    0.39414E+04   -0.16210E+05  4240   0.168E+03
RMM:   2     0.843318313301E+03   -0.30981E+04   -0.34382E+04  4240   0.409E+02
RMM:   3     0.195630842802E+03   -0.64769E+03   -0.70077E+03  4240   0.159E+02
RMM:   4    -0.640445867863E+01   -0.20204E+03   -0.14869E+03  4240   0.752E+01
RMM:   5    -0.737126582838E+02   -0.67308E+02   -0.40956E+02  4240   0.461E+01
RMM:   6    -0.889011820777E+02   -0.15189E+02   -0.10648E+02  4240   0.233E+01
RMM:   7    -0.921779866958E+02   -0.32768E+01   -0.26604E+01  4240   0.131E+01
RMM:   8    -0.929010179062E+02   -0.72303E+00   -0.67218E+00  4240   0.616E+00
RMM:   9    -0.931384735840E+02   -0.23746E+00   -0.22220E+00  8479   0.328E+00
RMM:  10    -0.931604786237E+02   -0.22005E-01   -0.20489E-01  8486   0.485E-01
RMM:  11    -0.931613541358E+02   -0.87551E-03   -0.77834E-03  8211   0.228E-01
RMM:  12    -0.931614398251E+02   -0.85689E-04   -0.82218E-04  7164   0.216E-02    0.135E+01
RMM:  13    -0.877457106383E+02    0.54157E+01   -0.23306E+01  8480   0.154E+01    0.263E+00
RMM:  14    -0.876652174383E+02    0.80493E-01   -0.34875E-01  8480   0.111E+00    0.150E+00
RMM:  15    -0.876245199666E+02    0.40697E-01   -0.55980E-02  8480   0.101E+00    0.259E-01
RMM:  16    -0.876245350391E+02   -0.15072E-04   -0.21677E-02  8480   0.422E-01    0.152E-01
RMM:  17    -0.876237748979E+02    0.76014E-03   -0.89513E-04  8480   0.993E-02    0.378E-02
RMM:  18    -0.876237224397E+02    0.52458E-04   -0.18423E-04  8442   0.403E-02    0.337E-03
RMM:  19    -0.876237177117E+02    0.47280E-05   -0.31710E-06  4111   0.282E-03
   1 F= -.87623718E+02 E0= -.87618772E+02  d E =-.876237E+02
 curvature:   0.00 expect dE= 0.000E+00 dE for cont linesearch  0.000E+00
 trial: gam= 0.00000 g(F)=  0.133E-56 g(S)=  0.000E+00 ort = 0.000E+00 (trialstep = 0.100E+01)
 search vector abs. value=  0.100E-09
 reached required accuracy - stopping structural energy minimisation
 writing wavefunctions

 ----------------------------------------------------------------------------- 
|                                                                             |
|           W    W    AA    RRRRR   N    N  II  N    N   GGGG   !!!           |
|           W    W   A  A   R    R  NN   N  II  NN   N  G    G  !!!           |
|           W    W  A    A  R    R  N N  N  II  N N  N  G       !!!           |
|           W WW W  AAAAAA  RRRRR   N  N N  II  N  N N  G  GGG   !            |
|           WW  WW  A    A  R   R   N   NN  II  N   NN  G    G                |
|           W    W  A    A  R    R  N    N  II  N    N   GGGG   !!!           |
|                                                                             |
|      The partial DOS and the PROCAR file are not evaluated for NPAR/=1      |
|      please rerun with NPAR=1                                               |
|                                                                             |
 ----------------------------------------------------------------------------- 

