       N       E                     dE             d eps       ncg     rms          rms(c)
RMM:   1    -0.915454732239E+02   -0.91545E+02   -0.59443E+02 17407   0.453E+01    0.738E+00
RMM:   2    -0.899498754138E+02    0.15956E+01   -0.12634E+01 17765   0.119E+01    0.119E+00
RMM:   3    -0.899470781937E+02    0.27972E-02   -0.15284E-01 18274   0.725E-01    0.647E-01
RMM:   4    -0.899473415483E+02   -0.26335E-03   -0.32152E-02 18185   0.565E-01    0.190E-01
RMM:   5    -0.899468091457E+02    0.53240E-03   -0.75012E-03 18180   0.306E-01    0.499E-02
RMM:   6    -0.899467735535E+02    0.35592E-04   -0.87249E-05 18332   0.254E-02    0.302E-02
RMM:   7    -0.899467500267E+02    0.23527E-04   -0.11649E-04 18258   0.355E-02    0.309E-03
RMM:   8    -0.899467463072E+02    0.37195E-05   -0.44078E-06 10128   0.573E-03
   1 F= -.89946746E+02 E0= -.89942712E+02  d E =-.121023E-01
