 running on    4 nodes
 distr:  one band on    1 nodes,    4 groups
 vasp.4.6.28 25Jul05 complex 
 POSCAR found :  1 types and   32 ions

 ----------------------------------------------------------------------------- 
|                                                                             |
|  ADVICE TO THIS USER RUNNING 'VASP/VAMP'   (HEAR YOUR MASTER'S VOICE ...):  |
|                                                                             |
|      You have a (more or less) 'large supercell' and for larger cells       |
|      it might be more efficient to use real space projection operators      |
|      So try LREAL= Auto  in the INCAR   file.                               |
|      Mind: If you want to do an extremely accurate calculations keep the    |
|      reciprocal projection scheme          (i.e. LREAL=.FALSE.)             |
|                                                                             |
 ----------------------------------------------------------------------------- 

 LDA part: xc-table for Pade appr. of Perdew
 POSCAR, INCAR and KPOINTS ok, starting setup
 FFT: planning ...           4
 reading WAVECAR
 entering main loop
       N       E                     dE             d eps       ncg     rms          rms(c)
RMM:   1     0.391320580391E+04    0.39132E+04   -0.16542E+05  4240   0.172E+03
RMM:   2     0.807876976316E+03   -0.31053E+04   -0.34849E+04  4240   0.419E+02
RMM:   3     0.168085443850E+03   -0.63979E+03   -0.69574E+03  4240   0.161E+02
RMM:   4    -0.211749009556E+02   -0.18926E+03   -0.13856E+03  4240   0.748E+01
RMM:   5    -0.818514369948E+02   -0.60677E+02   -0.36359E+02  4240   0.450E+01
RMM:   6    -0.934146735592E+02   -0.11563E+02   -0.84203E+01  4240   0.217E+01
RMM:   7    -0.957683188684E+02   -0.23536E+01   -0.19822E+01  4240   0.114E+01
RMM:   8    -0.962782899414E+02   -0.50997E+00   -0.47524E+00  4240   0.523E+00
RMM:   9    -0.964334522138E+02   -0.15516E+00   -0.14634E+00  8477   0.264E+00
RMM:  10    -0.964462394476E+02   -0.12787E-01   -0.11973E-01  8461   0.379E-01
RMM:  11    -0.964467404184E+02   -0.50097E-03   -0.45472E-03  8040   0.171E-01
RMM:  12    -0.964467857110E+02   -0.45293E-04   -0.43684E-04  6753   0.159E-02    0.149E+01
RMM:  13    -0.901477903796E+02    0.62990E+01   -0.25480E+01  8480   0.163E+01    0.277E+00
RMM:  14    -0.900121579457E+02    0.13563E+00   -0.39663E-01  8480   0.116E+00    0.150E+00
RMM:  15    -0.899474513819E+02    0.64707E-01   -0.43143E-02  8480   0.885E-01    0.212E-01
RMM:  16    -0.899479944399E+02   -0.54306E-03   -0.10993E-02  8480   0.294E-01    0.121E-01
RMM:  17    -0.899474201346E+02    0.57431E-03   -0.32786E-04  8480   0.543E-02    0.290E-02
RMM:  18    -0.899473892299E+02    0.30905E-04   -0.10562E-04  8153   0.321E-02    0.281E-03
RMM:  19    -0.899473827258E+02    0.65041E-05   -0.12548E-06  4080   0.195E-03
   1 F= -.89947383E+02 E0= -.89943350E+02  d E =-.899474E+02
 curvature:   0.00 expect dE= 0.000E+00 dE for cont linesearch  0.000E+00
 trial: gam= 0.00000 g(F)=  0.852E-57 g(S)=  0.000E+00 ort = 0.000E+00 (trialstep = 0.100E+01)
 search vector abs. value=  0.100E-09
 reached required accuracy - stopping structural energy minimisation
 writing wavefunctions

 ----------------------------------------------------------------------------- 
|                                                                             |
|           W    W    AA    RRRRR   N    N  II  N    N   GGGG   !!!           |
|           W    W   A  A   R    R  NN   N  II  NN   N  G    G  !!!           |
|           W    W  A    A  R    R  N N  N  II  N N  N  G       !!!           |
|           W WW W  AAAAAA  RRRRR   N  N N  II  N  N N  G  GGG   !            |
|           WW  WW  A    A  R   R   N   NN  II  N   NN  G    G                |
|           W    W  A    A  R    R  N    N  II  N    N   GGGG   !!!           |
|                                                                             |
|      The partial DOS and the PROCAR file are not evaluated for NPAR/=1      |
|      please rerun with NPAR=1                                               |
|                                                                             |
 ----------------------------------------------------------------------------- 

