       N       E                     dE             d eps       ncg     rms          rms(c)
RMM:   1    -0.920313907327E+02   -0.92031E+02   -0.60435E+02 17470   0.457E+01    0.756E+00
RMM:   2    -0.903349105103E+02    0.16965E+01   -0.12826E+01 17780   0.121E+01    0.116E+00
RMM:   3    -0.903333237624E+02    0.15867E-02   -0.14483E-01 18223   0.706E-01    0.645E-01
RMM:   4    -0.903336776898E+02   -0.35393E-03   -0.29306E-02 18134   0.539E-01    0.187E-01
RMM:   5    -0.903332292982E+02    0.44839E-03   -0.68663E-03 18129   0.296E-01    0.468E-02
RMM:   6    -0.903331993891E+02    0.29909E-04   -0.72891E-05 17742   0.238E-02    0.282E-02
RMM:   7    -0.903331803901E+02    0.18999E-04   -0.93419E-05 18102   0.316E-02    0.322E-03
RMM:   8    -0.903331766605E+02    0.37296E-05   -0.50276E-06  9971   0.651E-03
   1 F= -.90333177E+02 E0= -.90329133E+02  d E =-.121314E-01
