 running on    4 nodes
 distr:  one band on    1 nodes,    4 groups
 vasp.4.6.28 25Jul05 complex 
 POSCAR found :  1 types and   32 ions

 ----------------------------------------------------------------------------- 
|                                                                             |
|  ADVICE TO THIS USER RUNNING 'VASP/VAMP'   (HEAR YOUR MASTER'S VOICE ...):  |
|                                                                             |
|      You have a (more or less) 'large supercell' and for larger cells       |
|      it might be more efficient to use real space projection operators      |
|      So try LREAL= Auto  in the INCAR   file.                               |
|      Mind: If you want to do an extremely accurate calculations keep the    |
|      reciprocal projection scheme          (i.e. LREAL=.FALSE.)             |
|                                                                             |
 ----------------------------------------------------------------------------- 

 LDA part: xc-table for Pade appr. of Perdew
 POSCAR, INCAR and KPOINTS ok, starting setup
 FFT: planning ...           4
 reading WAVECAR
 entering main loop
       N       E                     dE             d eps       ncg     rms          rms(c)
RMM:   1     0.390724598798E+04    0.39072E+04   -0.16655E+05  4240   0.173E+03
RMM:   2     0.793417968648E+03   -0.31138E+04   -0.35027E+04  4240   0.422E+02
RMM:   3     0.157550049725E+03   -0.63587E+03   -0.69209E+03  4240   0.162E+02
RMM:   4    -0.260227308955E+02   -0.18357E+03   -0.13395E+03  4240   0.744E+01
RMM:   5    -0.840318078556E+02   -0.58009E+02   -0.34488E+02  4240   0.444E+01
RMM:   6    -0.944024335291E+02   -0.10371E+02   -0.77353E+01  4240   0.211E+01
RMM:   7    -0.965352569529E+02   -0.21328E+01   -0.18064E+01  4240   0.108E+01
RMM:   8    -0.969969722526E+02   -0.46172E+00   -0.43003E+00  4240   0.497E+00
RMM:   9    -0.971362040953E+02   -0.13923E+00   -0.13125E+00  8477   0.247E+00
RMM:  10    -0.971474947916E+02   -0.11291E-01   -0.10551E-01  8457   0.356E-01
RMM:  11    -0.971479272740E+02   -0.43248E-03   -0.39045E-03  7994   0.158E-01
RMM:  12    -0.971479645430E+02   -0.37269E-04   -0.35993E-04  6590   0.146E-02    0.154E+01
RMM:  13    -0.905668034569E+02    0.65812E+01   -0.25995E+01  8480   0.166E+01    0.283E+00
RMM:  14    -0.904075308879E+02    0.15927E+00   -0.41699E-01  8480   0.119E+00    0.150E+00
RMM:  15    -0.903338368055E+02    0.73694E-01   -0.40341E-02  8480   0.852E-01    0.199E-01
RMM:  16    -0.903344997620E+02   -0.66296E-03   -0.84934E-03  8480   0.256E-01    0.113E-01
RMM:  17    -0.903339635688E+02    0.53619E-03   -0.22144E-04  8480   0.417E-02    0.265E-02
RMM:  18    -0.903339394268E+02    0.24142E-04   -0.89965E-05  8031   0.303E-02    0.257E-03
RMM:  19    -0.903339325496E+02    0.68772E-05   -0.96325E-07  4609   0.243E-03
   1 F= -.90333933E+02 E0= -.90329889E+02  d E =-.903339E+02
 curvature:   0.00 expect dE= 0.000E+00 dE for cont linesearch  0.000E+00
 trial: gam= 0.00000 g(F)=  0.540E-57 g(S)=  0.000E+00 ort = 0.000E+00 (trialstep = 0.100E+01)
 search vector abs. value=  0.100E-09
 reached required accuracy - stopping structural energy minimisation
 writing wavefunctions

 ----------------------------------------------------------------------------- 
|                                                                             |
|           W    W    AA    RRRRR   N    N  II  N    N   GGGG   !!!           |
|           W    W   A  A   R    R  NN   N  II  NN   N  G    G  !!!           |
|           W    W  A    A  R    R  N N  N  II  N N  N  G       !!!           |
|           W WW W  AAAAAA  RRRRR   N  N N  II  N  N N  G  GGG   !            |
|           WW  WW  A    A  R   R   N   NN  II  N   NN  G    G                |
|           W    W  A    A  R    R  N    N  II  N    N   GGGG   !!!           |
|                                                                             |
|      The partial DOS and the PROCAR file are not evaluated for NPAR/=1      |
|      please rerun with NPAR=1                                               |
|                                                                             |
 ----------------------------------------------------------------------------- 

