       N       E                     dE             d eps       ncg     rms          rms(c)
RMM:   1    -0.899554977722E+02   -0.89955E+02   -0.57508E+02 17461   0.443E+01    0.700E+00
RMM:   2    -0.885685404370E+02    0.13870E+01   -0.12144E+01 17767   0.115E+01    0.122E+00
RMM:   3    -0.885632872454E+02    0.52532E-02   -0.16291E-01 18209   0.754E-01    0.650E-01
RMM:   4    -0.885633453758E+02   -0.58130E-04   -0.36959E-02 18099   0.606E-01    0.195E-01
RMM:   5    -0.885626817748E+02    0.66360E-03   -0.85005E-03 18124   0.321E-01    0.547E-02
RMM:   6    -0.885626369465E+02    0.44828E-04   -0.11130E-04 18431   0.282E-02    0.328E-02
RMM:   7    -0.885626059465E+02    0.31000E-04   -0.15989E-04 18239   0.416E-02    0.366E-03
RMM:   8    -0.885626023340E+02    0.36125E-05   -0.35076E-06 10099   0.435E-03
   1 F= -.88562602E+02 E0= -.88557664E+02  d E =-.148161E-01
