       N       E                     dE             d eps       ncg     rms          rms(c)
RMM:   1    -0.899548207030E+02   -0.89955E+02   -0.57507E+02 17451   0.443E+01    0.700E+00
RMM:   2    -0.885685207410E+02    0.13863E+01   -0.12146E+01 17770   0.115E+01    0.122E+00
RMM:   3    -0.885632806202E+02    0.52401E-02   -0.16296E-01 18207   0.755E-01    0.650E-01
RMM:   4    -0.885633449256E+02   -0.64305E-04   -0.36950E-02 18094   0.606E-01    0.195E-01
RMM:   5    -0.885626829782E+02    0.66195E-03   -0.85223E-03 18127   0.321E-01    0.550E-02
RMM:   6    -0.885626370781E+02    0.45900E-04   -0.11157E-04 18434   0.284E-02    0.329E-02
RMM:   7    -0.885626059550E+02    0.31123E-04   -0.15940E-04 18247   0.415E-02    0.359E-03
RMM:   8    -0.885626023698E+02    0.35852E-05   -0.36243E-06 10106   0.448E-03
   1 F= -.88562602E+02 E0= -.88557664E+02  d E =-.148161E-01
