 running on    4 nodes
 distr:  one band on    1 nodes,    4 groups
 vasp.4.6.28 25Jul05 complex 
 POSCAR found :  1 types and   32 ions

 ----------------------------------------------------------------------------- 
|                                                                             |
|  ADVICE TO THIS USER RUNNING 'VASP/VAMP'   (HEAR YOUR MASTER'S VOICE ...):  |
|                                                                             |
|      You have a (more or less) 'large supercell' and for larger cells       |
|      it might be more efficient to use real space projection operators      |
|      So try LREAL= Auto  in the INCAR   file.                               |
|      Mind: If you want to do an extremely accurate calculations keep the    |
|      reciprocal projection scheme          (i.e. LREAL=.FALSE.)             |
|                                                                             |
 ----------------------------------------------------------------------------- 

 LDA part: xc-table for Pade appr. of Perdew
 found WAVECAR, reading the header
  number of k-points has changed, file:  20 present:  40
  trying to continue reading WAVECAR, but it might fail
 POSCAR, INCAR and KPOINTS ok, starting setup
 FFT: planning ...           1
 reading WAVECAR
 the WAVECAR file was read sucessfully
 initial charge from wavefunction
 entering main loop
       N       E                     dE             d eps       ncg     rms          rms(c)
RMM:   1    -0.899548207030E+02   -0.89955E+02   -0.57507E+02 17451   0.443E+01BRMIX: very serious problems
 the old and the new charge density differ
 old charge density:   344.53159 new  352.00000
    0.700E+00
RMM:   2    -0.885685207410E+02    0.13863E+01   -0.12146E+01 17770   0.115E+01    0.122E+00
RMM:   3    -0.885632806202E+02    0.52401E-02   -0.16296E-01 18207   0.755E-01    0.650E-01
RMM:   4    -0.885633449256E+02   -0.64305E-04   -0.36950E-02 18094   0.606E-01    0.195E-01
RMM:   5    -0.885626829782E+02    0.66195E-03   -0.85223E-03 18127   0.321E-01    0.550E-02
RMM:   6    -0.885626370781E+02    0.45900E-04   -0.11157E-04 18434   0.284E-02    0.329E-02
RMM:   7    -0.885626059550E+02    0.31123E-04   -0.15940E-04 18247   0.415E-02    0.359E-03
RMM:   8    -0.885626023698E+02    0.35852E-05   -0.36243E-06 10106   0.448E-03
   1 F= -.88562602E+02 E0= -.88557664E+02  d E =-.148161E-01

 ----------------------------------------------------------------------------- 
|                                                                             |
|           W    W    AA    RRRRR   N    N  II  N    N   GGGG   !!!           |
|           W    W   A  A   R    R  NN   N  II  NN   N  G    G  !!!           |
|           W    W  A    A  R    R  N N  N  II  N N  N  G       !!!           |
|           W WW W  AAAAAA  RRRRR   N  N N  II  N  N N  G  GGG   !            |
|           WW  WW  A    A  R   R   N   NN  II  N   NN  G    G                |
|           W    W  A    A  R    R  N    N  II  N    N   GGGG   !!!           |
|                                                                             |
|      The partial DOS and the PROCAR file are not evaluated for NPAR/=1      |
|      please rerun with NPAR=1                                               |
|                                                                             |
 ----------------------------------------------------------------------------- 

