Startup is 'sourced'
Opening the database
Phonon calculation for Untitled

Phonon parameters
=================
The calculation explores the full Brillouin zone and accounts for an interaction range of about 10.0 Angstroem.
The asymmetric atoms are displaced by +/-0.02 Angstroem.

In a first step, need to run an optimization of atom positions for the supercell containing 32 atoms.
Then, need to run a total number of 2 single point energy calculations on supercells with displaced atoms containing 32 atoms.

      Supercell transformation matrix              Supercell lattice vectors
       2.00000    0.00000    0.00000             8.66064    0.00000    0.00000
       0.00000    2.00000    0.00000             0.00000    8.66064    0.00000
       0.00000    0.00000    2.00000             0.00000    0.00000    8.66064

     Supercell           Site        Displaced atom     Displacement (fractional units)
   ---------------    ----------     --------------     -------------------------------
  undisplaced           ----            ----             0.00000    0.00000    0.00000
  displaced_Ag__a       Ag              Ag               0.00231    0.00000    0.00000
  displaced_Ag__b       Ag              Ag              -0.00231    0.00000    0.00000

Invariance conditions are not enforced.
No approximation to LO/TO splitting
Properties: Phonon dispersion and form factors 
            Phonon density of states 
            Thermodynamic functions
==========================================


VASP parameters
===============
Since no magnetic moments are in the model, this is a non-magnetic calculation using 'accurate' precision
and a user-defined planewave cutoff energy of 600.000 eV.

The electronic iterations convergence is 1.00E-005 eV using the Very Fast (RMM-DIIS) algorithm
and reciprocal space projection operators.

The requested k-spacing is 0.1 per Angstrom, which leads to a 26x26x26 mesh.
This corresponds to actual k-spacings of 0.097 x 0.097 x 0.097 per Angstrom.

Using first order Methfessel-Paxton smearing with a width of 0.2 eV.

Other non-default parameters:
	Extrafine augmentation grid for accurate forces is TRUE
	Algorithm is Very Fast (RMM-DIIS)
	Wave functions is TRUE
==========================================

------------------------------------------------------------------------

Using GGA-PBE / PAW potentials:
	Ag

Results for initial structural minimization of the supercell without displacements:
--------------------------------------------------------------------------------------

There are 20 symmetry-unique k-points
The plane wave cutoff is 600.00 eV

   VASP energy:             -88.563038 eV for Ag32

   Initial VASP energy:     -88.563038 eV for Ag32
   Relaxation energy:         0.000000 eV gained after 1 optimization steps.

Electronic contributions:
                          Empirical Formula          Cell
                                    Ag          (Ag)32
                          --------------- ---------------
              VASP Energy        -267.032       -8545.032 kJ/mol
      Energy of formation           5.794         185.403
                  PV term         -91.444       -2926.206

   This is the electronic part of the formation energy with respect to the
   elements in their standard state. It is obtained from the total energy (above)
   and tabulated VASP energies for the elements in their standard state.
   See the documentation for more details.

   Details for Ag:
                                             VASP energy (Etot):     -267.03 kJ/mol
       Standard state energy of 1.00 atoms of Ag  1.00 * -272.83:  -  -272.83
                                                                   ----------
                                        Energy of formation (Ef):        5.79 kJ/mol


Cell parameters:
 Parameter    Value    
---------- ------------
         a     8.660640
         b     8.660640
         c     8.660640
     alpha    89.999999
      beta    89.999999
     gamma    89.999999

    Volume    81.200731 Ang^3

        Density:     8.824 Mg/m^3

   The pressure given below is exerted by the system according to its volume.
   Positive pressure would cause expansion during full geometry optimization.
       Pressure:    -7.480 GPa
               =   -74.800 kbar

                      XX        YY        ZZ        XY        YZ        ZX
         Stress:     7.480     7.480     7.480     0.000     0.000     0.000 GPa
               =    74.800    74.800    74.800     0.000     0.000     0.000 kbar
   The stress tensor above is imposed on the system, i.e. negative values of diagonal components 
   would cause expansion of the corresponding lattice parameter upon full geometry optimization.
   The pressure and stress include only electronic terms, i.e. the vibrational,
   temperature and other terms are not included here.

Fractional Coordinates:
	Atom          Initial Coordinates             Final Coordinates
	-----      -------- -------- --------      -------- -------- --------
	Ag           0.7500   0.7500   0.5000        0.7500   0.7500   0.5000
	Ag           0.7500   0.7500   0.0000        0.7500   0.7500   0.0000
	Ag           0.7500   0.0000   0.2500        0.7500   0.0000   0.2500
	Ag           0.7500   0.2500   0.5000        0.7500   0.2500   0.5000
	Ag           0.0000   0.7500   0.2500        0.0000   0.7500   0.2500
	Ag           0.0000   0.0000   0.5000        0.0000   0.0000   0.5000
	Ag           0.2500   0.7500   0.5000        0.2500   0.7500   0.5000
	Ag           0.7500   0.0000   0.7500        0.7500   0.0000   0.7500
	Ag           0.7500   0.2500   0.0000        0.7500   0.2500   0.0000
	Ag           0.7500   0.5000   0.2500        0.7500   0.5000   0.2500
	Ag           0.0000   0.7500   0.7500        0.0000   0.7500   0.7500
	Ag           0.0000   0.0000   0.0000        0.0000   0.0000   0.0000
	Ag           0.0000   0.2500   0.2500        0.0000   0.2500   0.2500
	Ag           0.0000   0.5000   0.5000        0.0000   0.5000   0.5000
	Ag           0.2500   0.7500   0.0000        0.2500   0.7500   0.0000
	Ag           0.2500   0.0000   0.2500        0.2500   0.0000   0.2500
	Ag           0.2500   0.2500   0.5000        0.2500   0.2500   0.5000
	Ag           0.5000   0.7500   0.2500        0.5000   0.7500   0.2500
	Ag           0.5000   0.0000   0.5000        0.5000   0.0000   0.5000
	Ag           0.7500   0.5000   0.7500        0.7500   0.5000   0.7500
	Ag           0.0000   0.2500   0.7500        0.0000   0.2500   0.7500
	Ag           0.0000   0.5000   0.0000        0.0000   0.5000   0.0000
	Ag           0.2500   0.0000   0.7500        0.2500   0.0000   0.7500
	Ag           0.2500   0.2500   0.0000        0.2500   0.2500   0.0000
	Ag           0.2500   0.5000   0.2500        0.2500   0.5000   0.2500
	Ag           0.5000   0.7500   0.7500        0.5000   0.7500   0.7500
	Ag           0.5000   0.0000   0.0000        0.5000   0.0000   0.0000
	Ag           0.5000   0.2500   0.2500        0.5000   0.2500   0.2500
	Ag           0.5000   0.5000   0.5000        0.5000   0.5000   0.5000
	Ag           0.2500   0.5000   0.7500        0.2500   0.5000   0.7500
	Ag           0.5000   0.2500   0.7500        0.5000   0.2500   0.7500
	Ag           0.5000   0.5000   0.0000        0.5000   0.5000   0.0000

Results for supercell calculations:
------------------------------------------------------------------------
	        Supercell         Energy (eV)
	      -------------      -------------
	        undisplaced       -88.56304
	     displaced_Ag__a      -88.56260
	     displaced_Ag__b      -88.56260


Symmetry analysis of Gamma point phonon frequencies:
----------------------------------------------------
   Crystal  Point  Group: O_h   (m3m) 
   Supercell Point Group: O_h   (m3m) 
    Table of irreducible representations of point group:
 ------------------------------------------
    IR     1  5  7  9 11  6  8 10 12 13 16 17 18 21 23 14 15 19 20 22 24  2  3  4 25 38 39 43 44 46 48 29 30 31 32 33 34 35 36 26 27 28 37 40 41 42 45 47
 ------------------------------------------
 A1g(R)    1  1  1  1  1  1  1  1  1  1  1  1  1  1  1  1  1  1  1  1  1  1  1  1  1  1  1  1  1  1  1  1  1  1  1  1  1  1  1  1  1  1  1  1  1  1  1  1   x^2+y^2+z^2                         
 A2g       1  1  1  1  1  1  1  1  1 -1 -1 -1 -1 -1 -1 -1 -1 -1 -1 -1 -1  1  1  1  1 -1 -1 -1 -1 -1 -1  1  1  1  1  1  1  1  1  1  1  1 -1 -1 -1 -1 -1 -1                                       
 Eg(R)     2 -1 -1 -1 -1 -1 -1 -1 -1  0  0  0  0  0  0  0  0  0  0  0  0  2  2  2  2  0  0  0  0  0  0 -1 -1 -1 -1 -1 -1 -1 -1  2  2  2  0  0  0  0  0  0   (2z^2-x^2-y^2, x^2-y^2)             
 T1g       3  0  0  0  0  0  0  0  0 -1 -1 -1 -1 -1 -1  1  1  1  1  1  1 -1 -1 -1  3  1  1  1  1  1  1  0  0  0  0  0  0  0  0 -1 -1 -1 -1 -1 -1 -1 -1 -1                                       
 T2g(R)    3  0  0  0  0  0  0  0  0  1  1  1  1  1  1 -1 -1 -1 -1 -1 -1 -1 -1 -1  3 -1 -1 -1 -1 -1 -1  0  0  0  0  0  0  0  0 -1 -1 -1  1  1  1  1  1  1   (xy,xz,yz)                          
 A1u       1  1  1  1  1  1  1  1  1  1  1  1  1  1  1  1  1  1  1  1  1  1  1  1 -1 -1 -1 -1 -1 -1 -1 -1 -1 -1 -1 -1 -1 -1 -1 -1 -1 -1 -1 -1 -1 -1 -1 -1                                       
 A2u       1  1  1  1  1  1  1  1  1 -1 -1 -1 -1 -1 -1 -1 -1 -1 -1 -1 -1  1  1  1 -1  1  1  1  1  1  1 -1 -1 -1 -1 -1 -1 -1 -1 -1 -1 -1  1  1  1  1  1  1                                       
 Eu        2 -1 -1 -1 -1 -1 -1 -1 -1  0  0  0  0  0  0  0  0  0  0  0  0  2  2  2 -2  0  0  0  0  0  0  1  1  1  1  1  1  1  1 -2 -2 -2  0  0  0  0  0  0                                       
 T1u(I)    3  0  0  0  0  0  0  0  0 -1 -1 -1 -1 -1 -1  1  1  1  1  1  1 -1 -1 -1 -3 -1 -1 -1 -1 -1 -1  0  0  0  0  0  0  0  0  1  1  1  1  1  1  1  1  1   (x,y,z)                             
 T2u       3  0  0  0  0  0  0  0  0  1  1  1  1  1  1 -1 -1 -1 -1 -1 -1 -1 -1 -1 -3  1  1  1  1  1  1  0  0  0  0  0  0  0  0  1  1  1 -1 -1 -1 -1 -1 -1                                       
 ------------------------------------------
    Wave vector= 0.0000  0.0000  0.0000    no macro. electric field
 Multi. Omega   Irreducible Representations
  3     0.018     T1u(I)                                                                                                     
Notation: (R)  Raman active mode
          (I)  Infrared active mode
          (RI) Raman and Infrared active mode

Thermodynamic Properties
   for empirical formula Ag

The following thermodynamic functions are obtained from the phonon
density of states within the harmonic approximation. The results are
meaningful only below the melting point, which lies well below 3000 K
for most materials.
Definitions:
      Cv            : vibrational heat capacity at constant volume
E_vib(T)=E(T)-E(0)  : the change in vibrational internal energy from 0 K, where
                        E(0) = E_elec + ZPE is the electronic energy of formation E_elec plus the zero point energy ZPE
      S(T)          : the vibrational entropy at temperature T
   -(A(T)-E(0))     : the change in the vibrational Helmholtz free energy from 0 K
      E(T)          : the electronic energy of formation plus the vibrational internal energy, so this term is
                        E_elec + ZPE + E_vib(T)
      A(T)          : the electronic plus vibrational Helmholtz free energy,
                        E(T) - T.S(T)
Note that the electronic energy, which is part of the enthalpy and free energies,
 is referenced to the elements in their standard state.

Electronic energy =     5.79 kJ/mol (referenced to elements in the standard state)
          PV term =   -91.44 kJ/mol
Zero-point energy =     1.28 kJ/mol

    T       Cv       E(T)-E(0)      S(T)   -(A(T)-E(0))     E(T)        A(T)
    K     J/K/mol      kJ/mol     J/K/mol     kJ/mol       kJ/mol      kJ/mol
  ----- ----------- ----------- ----------- ----------- ----------- -----------
     0      0.0000      0.0000      0.0000      0.0000      7.0746      7.0746
     1      0.0002      0.0000      0.0000      0.0000      7.0746      7.0746
     2      0.0044      0.0000      0.0011      0.0000      7.0746      7.0746
     3      0.0151      0.0000      0.0047      0.0000      7.0746      7.0746
     4      0.0322      0.0000      0.0112      0.0000      7.0746      7.0746
     5      0.0575      0.0001      0.0209      0.0000      7.0747      7.0746
    10      0.5688      0.0013      0.1651      0.0004      7.0758      7.0742
    15      2.3546      0.0080      0.6882      0.0023      7.0826      7.0723
    20      5.0918      0.0264      1.7277      0.0082      7.1010      7.0664
    30     10.7019      0.1062      4.8850      0.0404      7.1808      7.0342
    40     14.8715      0.2354      8.5730      0.1075      7.3100      6.9670
    50     17.6513      0.3989     12.2115      0.2116      7.4735      6.8630
    60     19.4969      0.5853     15.6041      0.3509      7.6599      6.7236
    70     20.7528      0.7869     18.7098      0.5227      7.8615      6.5518
    80     21.6341      0.9991     21.5418      0.7242      8.0737      6.3504
    90     22.2713      1.2188     24.1286      0.9528      8.2934      6.1218
   100     22.7446      1.4440     26.5008      1.2061      8.5186      5.8685
   125     23.5012      2.0230     31.6661      1.9352      9.0976      5.1394
   150     23.9283      2.6164     35.9920      2.7824      9.6909      4.2922
   175     24.1915      3.2181     39.7018      3.7297     10.2927      3.3449
   200     24.3647      3.8252     42.9442      4.7636     10.8998      2.3110
   225     24.4845      4.4359     45.8213      5.8738     11.5105      1.2007
   250     24.5708      5.0491     48.4057      7.0522     12.1237      0.0224
   273     24.6304      5.6150     50.5709      8.1908     12.6896     -1.1162
   275     24.6349      5.6642     50.7507      8.2921     12.7388     -1.2175
   298     24.6804      6.2314     52.7313      9.4825     13.3060     -2.4079
   300     24.6839      6.2807     52.8964      9.5881     13.3553     -2.5135
   350     24.7524      7.5168     56.7070     12.3305     14.5914     -5.2560
   400     24.7971      8.7556     60.0153     15.2504     15.8302     -8.1758
   450     24.8277      9.9962     62.9379     18.3256     17.0708    -11.2510
   500     24.8497     11.2382     65.5549     21.5391     18.3128    -14.4645
   550     24.8660     12.4811     67.9242     24.8770     19.5557    -17.8024
   600     24.8784     13.7247     70.0884     28.3280     20.7993    -21.2535
   650     24.8881     14.9689     72.0801     31.8829     22.0435    -24.8083
   700     24.8957     16.2135     73.9248     35.5336     23.2881    -28.4590
   750     24.9019     17.4584     75.6426     39.2732     24.5330    -32.1986
   800     24.9070     18.7036     77.2499     43.0959     25.7782    -36.0213
   850     24.9112     19.9491     78.7600     46.9965     27.0237    -39.9219
   900     24.9147     21.1947     80.1840     50.9704     28.2693    -43.8959
   950     24.9177     22.4405     81.5312     55.0136     29.5151    -47.9390
  1000     24.9202     23.6865     82.8093     59.1224     30.7610    -52.0478
  1050     24.9224     24.9325     84.0252     63.2935     32.0071    -56.2189
  1100     24.9243     26.1787     85.1847     67.5239     33.2533    -60.4493
  1150     24.9260     27.4249     86.2927     71.8110     34.4995    -64.7364
  1200     24.9274     28.6713     87.3535     76.1523     35.7458    -69.0777
  1250     24.9287     29.9176     88.3711     80.5456     36.9922    -73.4710
  1300     24.9298     31.1641     89.3489     84.9887     38.2387    -77.9141
  1350     24.9308     32.4106     90.2898     89.4798     39.4852    -82.4052
  1400     24.9317     33.6572     91.1965     94.0171     40.7318    -86.9425
  1450     24.9326     34.9038     92.0713     98.5988     41.9784    -91.5242
  1500     24.9333     36.1504     92.9166    103.2236     43.2250    -96.1491
  1550     24.9340     37.3971     93.7341    107.8900     44.4717   -100.8154
  1600     24.9346     38.6438     94.5258    112.5966     45.7184   -105.5220
  1650     24.9351     39.8905     95.2931    117.3421     46.9651   -110.2676
  1700     24.9356     41.1373     96.0375    122.1254     48.2119   -115.0508
  1750     24.9361     42.3841     96.7603    126.9454     49.4587   -119.8708
  1800     24.9365     43.6309     97.4628    131.8010     50.7055   -124.7265
  1850     24.9369     44.8777     98.1460    136.6913     51.9523   -129.6167
  1900     24.9372     46.1246     98.8111    141.6153     53.1991   -134.5408
  1950     24.9376     47.3714     99.4589    146.5721     54.4460   -139.4975
  2000     24.9379     48.6183    100.0902    151.5608     55.6929   -144.4863
  2100     24.9384     51.1121    101.3069    161.6311     58.1867   -154.5565
  2200     24.9389     53.6060    102.4670    171.8203     60.6805   -164.7457
  2300     24.9393     56.0998    103.5756    182.1228     63.1744   -175.0482
  2400     24.9397     58.5938    104.6371    192.5337     65.6684   -185.4591
  2500     24.9400     61.0878    105.6552    203.0485     68.1623   -195.9739
  2600     24.9403     63.5818    106.6334    213.6632     70.6563   -206.5886
  2700     24.9405     66.0758    107.5747    224.3739     73.1504   -217.2993
  2800     24.9408     68.5698    108.4817    235.1769     75.6444   -228.1024
  2900     24.9410     71.0639    109.3569    246.0690     78.1385   -238.9944
  3000     24.9411     73.5580    110.2024    257.0472     80.6326   -249.9726

Job completed on Fri 20 January 2017 at 23:25:23 æ±äº¬ (æ¨™æº–æ™‚) after 29808 s (8:16:48)
