       N       E                     dE             d eps       ncg     rms          rms(c)
RMM:   1    -0.908415207234E+02   -0.90842E+02   -0.58467E+02 17457   0.448E+01    0.719E+00
RMM:   2    -0.893506228100E+02    0.14909E+01   -0.12413E+01 17820   0.117E+01    0.121E+00
RMM:   3    -0.893466074329E+02    0.40154E-02   -0.15918E-01 18282   0.743E-01    0.649E-01
RMM:   4    -0.893467748733E+02   -0.16744E-03   -0.34850E-02 18166   0.589E-01    0.194E-01
RMM:   5    -0.893461635064E+02    0.61137E-03   -0.81084E-03 18141   0.316E-01    0.530E-02
RMM:   6    -0.893461223236E+02    0.41183E-04   -0.10012E-04 18438   0.272E-02    0.318E-02
RMM:   7    -0.893460946350E+02    0.27689E-04   -0.13880E-04 18262   0.388E-02    0.321E-03
RMM:   8    -0.893460909900E+02    0.36450E-05   -0.40444E-06 10130   0.515E-03
   1 F= -.89346091E+02 E0= -.89341577E+02  d E =-.135428E-01
