       N       E                     dE             d eps       ncg     rms          rms(c)
RMM:   1    -0.908418470725E+02   -0.90842E+02   -0.58468E+02 17462   0.448E+01    0.719E+00
RMM:   2    -0.893506213626E+02    0.14912E+01   -0.12414E+01 17824   0.117E+01    0.121E+00
RMM:   3    -0.893466040955E+02    0.40173E-02   -0.15921E-01 18279   0.743E-01    0.649E-01
RMM:   4    -0.893467626430E+02   -0.15855E-03   -0.34734E-02 18167   0.588E-01    0.193E-01
RMM:   5    -0.893461620718E+02    0.60057E-03   -0.80141E-03 18141   0.314E-01    0.522E-02
RMM:   6    -0.893461228549E+02    0.39217E-04   -0.97309E-05 18402   0.263E-02    0.320E-02
RMM:   7    -0.893460945980E+02    0.28257E-04   -0.14160E-04 18250   0.392E-02    0.323E-03
RMM:   8    -0.893460910058E+02    0.35922E-05   -0.38653E-06 10129   0.497E-03
   1 F= -.89346091E+02 E0= -.89341577E+02  d E =-.135428E-01
