Startup is 'sourced'
Opening the database
Phonon calculation for Untitled

Phonon parameters
=================
The calculation explores the full Brillouin zone and accounts for an interaction range of about 10.0 Angstroem.
The asymmetric atoms are displaced by +/-0.02 Angstroem.

In a first step, need to run an optimization of atom positions for the supercell containing 32 atoms.
Then, need to run a total number of 2 single point energy calculations on supercells with displaced atoms containing 32 atoms.

      Supercell transformation matrix              Supercell lattice vectors
       2.00000    0.00000    0.00000             8.57736    0.00000    0.00000
       0.00000    2.00000    0.00000             0.00000    8.57736    0.00000
       0.00000    0.00000    2.00000             0.00000    0.00000    8.57736

     Supercell           Site        Displaced atom     Displacement (fractional units)
   ---------------    ----------     --------------     -------------------------------
  undisplaced           ----            ----             0.00000    0.00000    0.00000
  displaced_Ag__a       Ag              Ag               0.00233    0.00000    0.00000
  displaced_Ag__b       Ag              Ag              -0.00233    0.00000    0.00000

Invariance conditions are not enforced.
No approximation to LO/TO splitting
Properties: Phonon dispersion and form factors 
            Phonon density of states 
            Thermodynamic functions
==========================================


VASP parameters
===============
Since no magnetic moments are in the model, this is a non-magnetic calculation using 'accurate' precision
and a user-defined planewave cutoff energy of 600.000 eV.

The electronic iterations convergence is 1.00E-005 eV using the Very Fast (RMM-DIIS) algorithm
and reciprocal space projection operators.

The requested k-spacing is 0.1 per Angstrom, which leads to a 26x26x26 mesh.
This corresponds to actual k-spacings of 0.098 x 0.098 x 0.098 per Angstrom.

Using first order Methfessel-Paxton smearing with a width of 0.2 eV.

Other non-default parameters:
	Extrafine augmentation grid for accurate forces is TRUE
	Algorithm is Very Fast (RMM-DIIS)
	Wave functions is TRUE
==========================================

------------------------------------------------------------------------

Results for initial structural minimization of the supercell without displacements:
--------------------------------------------------------------------------------------

There are 20 symmetry-unique k-points
The plane wave cutoff is 600.00 eV

   VASP energy:             -89.346621 eV for Ag32

   Initial VASP energy:     -89.346621 eV for Ag32
   Relaxation energy:         0.000000 eV gained after 1 optimization steps.

Electronic contributions:
                          Empirical Formula          Cell
                                    Ag          (Ag)32
                          --------------- ---------------
              VASP Energy        -269.395       -8620.636 kJ/mol
      Energy of formation           3.431         109.799
                  PV term         -73.084       -2338.686

   This is the electronic part of the formation energy with respect to the
   elements in their standard state. It is obtained from the total energy (above)
   and tabulated VASP energies for the elements in their standard state.
   See the documentation for more details.

   Details for Ag:
                                             VASP energy (Etot):     -269.39 kJ/mol
       Standard state energy of 1.00 atoms of Ag  1.00 * -272.83:  -  -272.83
                                                                   ----------
                                        Energy of formation (Ef):        3.43 kJ/mol


Cell parameters:
 Parameter    Value    
---------- ------------
         a     8.577364
         b     8.577364
         c     8.577364
     alpha    89.999999
      beta    89.999999
     gamma    89.999999

    Volume    78.880853 Ang^3

        Density:     9.083 Mg/m^3

   The pressure given below is exerted by the system according to its volume.
   Positive pressure would cause expansion during full geometry optimization.
       Pressure:    -6.154 GPa
               =   -61.540 kbar

                      XX        YY        ZZ        XY        YZ        ZX
         Stress:     6.154     6.154     6.154     0.000     0.000     0.000 GPa
               =    61.540    61.540    61.540     0.000     0.000     0.000 kbar
   The stress tensor above is imposed on the system, i.e. negative values of diagonal components 
   would cause expansion of the corresponding lattice parameter upon full geometry optimization.
   The pressure and stress include only electronic terms, i.e. the vibrational,
   temperature and other terms are not included here.

Fractional Coordinates:
	Atom          Initial Coordinates             Final Coordinates
	-----      -------- -------- --------      -------- -------- --------
	Ag           0.7500   0.7500   0.5000        0.7500   0.7500   0.5000
	Ag           0.7500   0.7500   0.0000        0.7500   0.7500   0.0000
	Ag           0.7500   0.0000   0.2500        0.7500   0.0000   0.2500
	Ag           0.7500   0.2500   0.5000        0.7500   0.2500   0.5000
	Ag           0.0000   0.7500   0.2500        0.0000   0.7500   0.2500
	Ag           0.0000   0.0000   0.5000        0.0000   0.0000   0.5000
	Ag           0.2500   0.7500   0.5000        0.2500   0.7500   0.5000
	Ag           0.7500   0.0000   0.7500        0.7500   0.0000   0.7500
	Ag           0.7500   0.2500   0.0000        0.7500   0.2500   0.0000
	Ag           0.7500   0.5000   0.2500        0.7500   0.5000   0.2500
	Ag           0.0000   0.7500   0.7500        0.0000   0.7500   0.7500
	Ag           0.0000   0.0000   0.0000        0.0000   0.0000   0.0000
	Ag           0.0000   0.2500   0.2500        0.0000   0.2500   0.2500
	Ag           0.0000   0.5000   0.5000        0.0000   0.5000   0.5000
	Ag           0.2500   0.7500   0.0000        0.2500   0.7500   0.0000
	Ag           0.2500   0.0000   0.2500        0.2500   0.0000   0.2500
	Ag           0.2500   0.2500   0.5000        0.2500   0.2500   0.5000
	Ag           0.5000   0.7500   0.2500        0.5000   0.7500   0.2500
	Ag           0.5000   0.0000   0.5000        0.5000   0.0000   0.5000
	Ag           0.7500   0.5000   0.7500        0.7500   0.5000   0.7500
	Ag           0.0000   0.2500   0.7500        0.0000   0.2500   0.7500
	Ag           0.0000   0.5000   0.0000        0.0000   0.5000   0.0000
	Ag           0.2500   0.0000   0.7500        0.2500   0.0000   0.7500
	Ag           0.2500   0.2500   0.0000        0.2500   0.2500   0.0000
	Ag           0.2500   0.5000   0.2500        0.2500   0.5000   0.2500
	Ag           0.5000   0.7500   0.7500        0.5000   0.7500   0.7500
	Ag           0.5000   0.0000   0.0000        0.5000   0.0000   0.0000
	Ag           0.5000   0.2500   0.2500        0.5000   0.2500   0.2500
	Ag           0.5000   0.5000   0.5000        0.5000   0.5000   0.5000
	Ag           0.2500   0.5000   0.7500        0.2500   0.5000   0.7500
	Ag           0.5000   0.2500   0.7500        0.5000   0.2500   0.7500
	Ag           0.5000   0.5000   0.0000        0.5000   0.5000   0.0000

Results for supercell calculations:
------------------------------------------------------------------------
	        Supercell         Energy (eV)
	      -------------      -------------
	        undisplaced       -89.34662
	     displaced_Ag__a      -89.34609
	     displaced_Ag__b      -89.34609


Symmetry analysis of Gamma point phonon frequencies:
----------------------------------------------------
   Crystal  Point  Group: O_h   (m3m) 
   Supercell Point Group: O_h   (m3m) 
    Table of irreducible representations of point group:
 ------------------------------------------
    IR     1  5  7  9 11  6  8 10 12 13 16 17 18 21 23 14 15 19 20 22 24  2  3  4 25 38 39 43 44 46 48 29 30 31 32 33 34 35 36 26 27 28 37 40 41 42 45 47
 ------------------------------------------
 A1g(R)    1  1  1  1  1  1  1  1  1  1  1  1  1  1  1  1  1  1  1  1  1  1  1  1  1  1  1  1  1  1  1  1  1  1  1  1  1  1  1  1  1  1  1  1  1  1  1  1   x^2+y^2+z^2                         
 A2g       1  1  1  1  1  1  1  1  1 -1 -1 -1 -1 -1 -1 -1 -1 -1 -1 -1 -1  1  1  1  1 -1 -1 -1 -1 -1 -1  1  1  1  1  1  1  1  1  1  1  1 -1 -1 -1 -1 -1 -1                                       
 Eg(R)     2 -1 -1 -1 -1 -1 -1 -1 -1  0  0  0  0  0  0  0  0  0  0  0  0  2  2  2  2  0  0  0  0  0  0 -1 -1 -1 -1 -1 -1 -1 -1  2  2  2  0  0  0  0  0  0   (2z^2-x^2-y^2, x^2-y^2)             
 T1g       3  0  0  0  0  0  0  0  0 -1 -1 -1 -1 -1 -1  1  1  1  1  1  1 -1 -1 -1  3  1  1  1  1  1  1  0  0  0  0  0  0  0  0 -1 -1 -1 -1 -1 -1 -1 -1 -1                                       
 T2g(R)    3  0  0  0  0  0  0  0  0  1  1  1  1  1  1 -1 -1 -1 -1 -1 -1 -1 -1 -1  3 -1 -1 -1 -1 -1 -1  0  0  0  0  0  0  0  0 -1 -1 -1  1  1  1  1  1  1   (xy,xz,yz)                          
 A1u       1  1  1  1  1  1  1  1  1  1  1  1  1  1  1  1  1  1  1  1  1  1  1  1 -1 -1 -1 -1 -1 -1 -1 -1 -1 -1 -1 -1 -1 -1 -1 -1 -1 -1 -1 -1 -1 -1 -1 -1                                       
 A2u       1  1  1  1  1  1  1  1  1 -1 -1 -1 -1 -1 -1 -1 -1 -1 -1 -1 -1  1  1  1 -1  1  1  1  1  1  1 -1 -1 -1 -1 -1 -1 -1 -1 -1 -1 -1  1  1  1  1  1  1                                       
 Eu        2 -1 -1 -1 -1 -1 -1 -1 -1  0  0  0  0  0  0  0  0  0  0  0  0  2  2  2 -2  0  0  0  0  0  0  1  1  1  1  1  1  1  1 -2 -2 -2  0  0  0  0  0  0                                       
 T1u(I)    3  0  0  0  0  0  0  0  0 -1 -1 -1 -1 -1 -1  1  1  1  1  1  1 -1 -1 -1 -3 -1 -1 -1 -1 -1 -1  0  0  0  0  0  0  0  0  1  1  1  1  1  1  1  1  1   (x,y,z)                             
 T2u       3  0  0  0  0  0  0  0  0  1  1  1  1  1  1 -1 -1 -1 -1 -1 -1 -1 -1 -1 -3  1  1  1  1  1  1  0  0  0  0  0  0  0  0  1  1  1 -1 -1 -1 -1 -1 -1                                       
 ------------------------------------------
    Wave vector= 0.0000  0.0000  0.0000    no macro. electric field
 Multi. Omega   Irreducible Representations
  3     0.013     T1u(I)                                                                                                     
Notation: (R)  Raman active mode
          (I)  Infrared active mode
          (RI) Raman and Infrared active mode

Thermodynamic Properties
   for empirical formula Ag

The following thermodynamic functions are obtained from the phonon
density of states within the harmonic approximation. The results are
meaningful only below the melting point, which lies well below 3000 K
for most materials.
Definitions:
      Cv            : vibrational heat capacity at constant volume
E_vib(T)=E(T)-E(0)  : the change in vibrational internal energy from 0 K, where
                        E(0) = E_elec + ZPE is the electronic energy of formation E_elec plus the zero point energy ZPE
      S(T)          : the vibrational entropy at temperature T
   -(A(T)-E(0))     : the change in the vibrational Helmholtz free energy from 0 K
      E(T)          : the electronic energy of formation plus the vibrational internal energy, so this term is
                        E_elec + ZPE + E_vib(T)
      A(T)          : the electronic plus vibrational Helmholtz free energy,
                        E(T) - T.S(T)
Note that the electronic energy, which is part of the enthalpy and free energies,
 is referenced to the elements in their standard state.

Electronic energy =     3.43 kJ/mol (referenced to elements in the standard state)
          PV term =   -73.08 kJ/mol
Zero-point energy =     1.41 kJ/mol

    T       Cv       E(T)-E(0)      S(T)   -(A(T)-E(0))     E(T)        A(T)
    K     J/K/mol      kJ/mol     J/K/mol     kJ/mol       kJ/mol      kJ/mol
  ----- ----------- ----------- ----------- ----------- ----------- -----------
     0      0.0000      0.0000      0.0000      0.0000      4.8437      4.8437
     1      0.0001      0.0000      0.0000      0.0000      4.8437      4.8437
     2      0.0033      0.0000      0.0007      0.0000      4.8437      4.8437
     3      0.0122      0.0000      0.0036      0.0000      4.8437      4.8437
     4      0.0265      0.0000      0.0089      0.0000      4.8437      4.8437
     5      0.0474      0.0001      0.0169      0.0000      4.8438      4.8437
    10      0.4187      0.0010      0.1272      0.0003      4.8446      4.8434
    15      1.7825      0.0060      0.5158      0.0018      4.8497      4.8419
    20      4.0751      0.0204      1.3272      0.0062      4.8640      4.8375
    30      9.2766      0.0874      3.9726      0.0318      4.9311      4.8119
    40     13.5084      0.2024      7.2526      0.0877      5.0461      4.7560
    50     16.4934      0.3533     10.6082      0.1771      5.1970      4.6666
    60     18.5470      0.5292     13.8084      0.2993      5.3729      4.5444
    70     19.9771      0.7222     16.7813      0.4525      5.5659      4.3912
    80     20.9967      0.9273     19.5191      0.6342      5.7710      4.2095
    90     21.7420      1.1412     22.0374      0.8421      5.9849      4.0016
   100     22.3001      1.3616     24.3584      1.0743      6.2053      3.7694
   125     23.2001      1.9314     29.4413      1.7487      6.7751      3.0950
   150     23.7124      2.5184     33.7205      2.5396      7.3621      2.3040
   175     24.0297      3.1155     37.4014      3.4297      7.9592      1.4139
   200     24.2392      3.7190     40.6247      4.4059      8.5627      0.4378
   225     24.3844      4.3269     43.4886      5.4580      9.1706     -0.6143
   250     24.4891      4.9379     46.0634      6.5779      9.7816     -1.7342
   273     24.5615      5.5020     48.2220      7.6625     10.3457     -2.8188
   275     24.5670      5.5511     48.4013      7.7592     10.3948     -2.9155
   298     24.6222      6.1168     50.3769      8.8954     10.9605     -4.0517
   300     24.6265      6.1661     50.5416      8.9963     11.0097     -4.1526
   350     24.7099      7.3996     54.3445     11.6208     12.2433     -6.7771
   400     24.7643      8.6365     57.6478     14.4224     13.4802     -9.5787
   450     24.8016      9.8757     60.5669     17.3792     14.7194    -12.5355
   500     24.8284     11.1165     63.1815     20.4740     15.9602    -15.6303
   550     24.8483     12.3585     65.5489     23.6932     17.2022    -18.8495
   600     24.8634     13.6013     67.7116     27.0255     18.4450    -22.1818
   650     24.8752     14.8447     69.7023     30.4615     19.6884    -25.6178
   700     24.8845     16.0887     71.5461     33.9932     20.9324    -29.1495
   750     24.8921     17.3331     73.2632     37.6139     22.1768    -32.7702
   800     24.8982     18.5779     74.8699     41.3176     23.4216    -36.4739
   850     24.9034     19.8229     76.3795     45.0992     24.6666    -40.2555
   900     24.9077     21.0682     77.8030     48.9541     25.9119    -44.1104
   950     24.9113     22.3137     79.1498     52.8782     27.1574    -48.0345
  1000     24.9144     23.5593     80.4277     56.8679     28.4030    -52.0242
  1050     24.9171     24.8051     81.6433     60.9199     29.6488    -56.0762
  1100     24.9194     26.0510     82.8025     65.0312     30.8947    -60.1875
  1150     24.9214     27.2970     83.9103     69.1992     32.1407    -64.3555
  1200     24.9232     28.5431     84.9710     73.4214     33.3868    -68.5777
  1250     24.9247     29.7893     85.9884     77.6956     34.6330    -72.8519
  1300     24.9261     31.0356     86.9660     82.0196     35.8793    -77.1759
  1350     24.9274     32.2819     87.9068     86.3915     37.1256    -81.5478
  1400     24.9285     33.5283     88.8134     90.8096     38.3720    -85.9659
  1450     24.9295     34.7747     89.6881     95.2722     39.6184    -90.4285
  1500     24.9304     36.0212     90.5333     99.7779     40.8649    -94.9342
  1550     24.9312     37.2677     91.3507    104.3251     42.1114    -99.4814
  1600     24.9319     38.5143     92.1423    108.9124     43.3580   -104.0688
  1650     24.9326     39.7609     92.9095    113.5388     44.6046   -108.6951
  1700     24.9332     41.0076     93.6538    118.2029     45.8513   -113.3592
  1750     24.9337     42.2542     94.3766    122.9038     47.0979   -118.0601
  1800     24.9343     43.5009     95.0790    127.6402     48.3446   -122.7966
  1850     24.9347     44.7476     95.7622    132.4113     49.5913   -127.5677
  1900     24.9352     45.9944     96.4271    137.2160     50.8381   -132.3723
  1950     24.9356     47.2411     97.0748    142.0537     52.0848   -137.2100
  2000     24.9360     48.4879     97.7062    146.9232     53.3316   -142.0795
  2100     24.9366     50.9815     98.9228    156.7551     55.8252   -151.9114
  2200     24.9372     53.4752    100.0829    166.7058     58.3189   -161.8621
  2300     24.9377     55.9689    101.1914    176.7698     60.8126   -171.9261
  2400     24.9381     58.4627    102.2528    186.9423     63.3064   -182.0986
  2500     24.9385     60.9565    103.2708    197.2188     65.8002   -192.3751
  2600     24.9389     63.4504    104.2488    207.5950     68.2941   -202.7513
  2700     24.9392     65.9443    105.1901    218.0672     70.7880   -213.2236
  2800     24.9395     68.4382    106.0971    228.6318     73.2819   -223.7881
  2900     24.9397     70.9322    106.9723    239.2854     75.7758   -234.4417
  3000     24.9400     73.4261    107.8178    250.0251     78.2698   -245.1814

Job completed on Wed 18 January 2017 at 13:45:57 æ±äº¬ (æ¨™æº–æ™‚) after 5166 s (1:26:06)
