 running on    4 nodes
 distr:  one band on    1 nodes,    4 groups
 vasp.4.6.28 25Jul05 complex 
 POSCAR found :  1 types and   32 ions

 ----------------------------------------------------------------------------- 
|                                                                             |
|  ADVICE TO THIS USER RUNNING 'VASP/VAMP'   (HEAR YOUR MASTER'S VOICE ...):  |
|                                                                             |
|      You have a (more or less) 'large supercell' and for larger cells       |
|      it might be more efficient to use real space projection operators      |
|      So try LREAL= Auto  in the INCAR   file.                               |
|      Mind: If you want to do an extremely accurate calculations keep the    |
|      reciprocal projection scheme          (i.e. LREAL=.FALSE.)             |
|                                                                             |
 ----------------------------------------------------------------------------- 

 LDA part: xc-table for Pade appr. of Perdew
 POSCAR, INCAR and KPOINTS ok, starting setup
 FFT: planning ...           4
 reading WAVECAR
 entering main loop
       N       E                     dE             d eps       ncg     rms          rms(c)
RMM:   1     0.392972033024E+04    0.39297E+04   -0.16446E+05  4240   0.170E+03
RMM:   2     0.818134536968E+03   -0.31116E+04   -0.34753E+04  4240   0.416E+02
RMM:   3     0.177209822763E+03   -0.64092E+03   -0.69516E+03  4240   0.160E+02
RMM:   4    -0.156555775845E+02   -0.19287E+03   -0.14140E+03  4240   0.747E+01
RMM:   5    -0.793702199439E+02   -0.63715E+02   -0.37899E+02  4240   0.453E+01
RMM:   6    -0.921213851734E+02   -0.12751E+02   -0.91756E+01  4240   0.223E+01
RMM:   7    -0.947563669291E+02   -0.26350E+01   -0.21980E+01  4240   0.119E+01
RMM:   8    -0.953315079961E+02   -0.57514E+00   -0.53628E+00  4240   0.555E+00
RMM:   9    -0.955108686243E+02   -0.17936E+00   -0.16911E+00  8478   0.284E+00
RMM:  10    -0.955263023293E+02   -0.15434E-01   -0.14463E-01  8471   0.414E-01
RMM:  11    -0.955269158295E+02   -0.61350E-03   -0.55357E-03  8115   0.189E-01
RMM:  12    -0.955269735620E+02   -0.57732E-04   -0.55816E-04  6867   0.178E-02    0.145E+01
RMM:  13    -0.895179935545E+02    0.60090E+01   -0.24845E+01  8480   0.160E+01    0.272E+00
RMM:  14    -0.894031159827E+02    0.11488E+00   -0.37875E-01  8480   0.114E+00    0.150E+00
RMM:  15    -0.893468985675E+02    0.56217E-01   -0.46815E-02  8480   0.924E-01    0.227E-01
RMM:  16    -0.893472811871E+02   -0.38262E-03   -0.14031E-02  8480   0.334E-01    0.130E-01
RMM:  17    -0.893466637671E+02    0.61742E-03   -0.47383E-04  8480   0.685E-02    0.315E-02
RMM:  18    -0.893466267106E+02    0.37056E-04   -0.12458E-04  8235   0.342E-02    0.300E-03
RMM:  19    -0.893466207596E+02    0.59510E-05   -0.16330E-06  3605   0.181E-03
   1 F= -.89346621E+02 E0= -.89342108E+02  d E =-.893466E+02
 curvature:   0.00 expect dE= 0.000E+00 dE for cont linesearch  0.000E+00
 trial: gam= 0.00000 g(F)=  0.646E-57 g(S)=  0.000E+00 ort = 0.000E+00 (trialstep = 0.100E+01)
 search vector abs. value=  0.100E-09
 reached required accuracy - stopping structural energy minimisation
 writing wavefunctions

 ----------------------------------------------------------------------------- 
|                                                                             |
|           W    W    AA    RRRRR   N    N  II  N    N   GGGG   !!!           |
|           W    W   A  A   R    R  NN   N  II  NN   N  G    G  !!!           |
|           W    W  A    A  R    R  N N  N  II  N N  N  G       !!!           |
|           W WW W  AAAAAA  RRRRR   N  N N  II  N  N N  G  GGG   !            |
|           WW  WW  A    A  R   R   N   NN  II  N   NN  G    G                |
|           W    W  A    A  R    R  N    N  II  N    N   GGGG   !!!           |
|                                                                             |
|      The partial DOS and the PROCAR file are not evaluated for NPAR/=1      |
|      please rerun with NPAR=1                                               |
|                                                                             |
 ----------------------------------------------------------------------------- 

