 running on    4 nodes
 distr:  one band on    1 nodes,    4 groups
 vasp.4.6.28 25Jul05 complex 
 POSCAR found :  1 types and   32 ions

 ----------------------------------------------------------------------------- 
|                                                                             |
|  ADVICE TO THIS USER RUNNING 'VASP/VAMP'   (HEAR YOUR MASTER'S VOICE ...):  |
|                                                                             |
|      You have a (more or less) 'large supercell' and for larger cells       |
|      it might be more efficient to use real space projection operators      |
|      So try LREAL= Auto  in the INCAR   file.                               |
|      Mind: If you want to do an extremely accurate calculations keep the    |
|      reciprocal projection scheme          (i.e. LREAL=.FALSE.)             |
|                                                                             |
 ----------------------------------------------------------------------------- 

 LDA part: xc-table for Pade appr. of Perdew
 found WAVECAR, reading the header
  number of k-points has changed, file:  20 present:  40
  trying to continue reading WAVECAR, but it might fail
 POSCAR, INCAR and KPOINTS ok, starting setup
 FFT: planning ...           1
 reading WAVECAR
 the WAVECAR file was read sucessfully
 initial charge from wavefunction
 entering main loop
       N       E                     dE             d eps       ncg     rms          rms(c)
RMM:   1    -0.922709880387E+02   -0.92271E+02   -0.61454E+02 17403   0.462E+01BRMIX: very serious problems
 the old and the new charge density differ
 old charge density:   344.32653 new  352.00000
    0.773E+00
RMM:   2    -0.904704467870E+02    0.18005E+01   -0.13007E+01 17788   0.122E+01    0.114E+00
RMM:   3    -0.904703961873E+02    0.50600E-04   -0.13964E-01 18234   0.687E-01    0.642E-01
RMM:   4    -0.904708353655E+02   -0.43918E-03   -0.26532E-02 18165   0.512E-01    0.183E-01
RMM:   5    -0.904704778005E+02    0.35757E-03   -0.61998E-03 18123   0.283E-01    0.434E-02
RMM:   6    -0.904704547532E+02    0.23047E-04   -0.63172E-05 16396   0.221E-02    0.258E-02
RMM:   7    -0.904704411028E+02    0.13650E-04   -0.73085E-05 17931   0.276E-02    0.334E-03
RMM:   8    -0.904704375713E+02    0.35314E-05   -0.52461E-06  9985   0.692E-03
   1 F= -.90470438E+02 E0= -.90465860E+02  d E =-.137336E-01

 ----------------------------------------------------------------------------- 
|                                                                             |
|           W    W    AA    RRRRR   N    N  II  N    N   GGGG   !!!           |
|           W    W   A  A   R    R  NN   N  II  NN   N  G    G  !!!           |
|           W    W  A    A  R    R  N N  N  II  N N  N  G       !!!           |
|           W WW W  AAAAAA  RRRRR   N  N N  II  N  N N  G  GGG   !            |
|           WW  WW  A    A  R   R   N   NN  II  N   NN  G    G                |
|           W    W  A    A  R    R  N    N  II  N    N   GGGG   !!!           |
|                                                                             |
|      The partial DOS and the PROCAR file are not evaluated for NPAR/=1      |
|      please rerun with NPAR=1                                               |
|                                                                             |
 ----------------------------------------------------------------------------- 

