Startup is 'sourced'
Opening the database
Phonon calculation for Untitled

Phonon parameters
=================
The calculation explores the full Brillouin zone and accounts for an interaction range of about 10.0 Angstroem.
The asymmetric atoms are displaced by +/-0.02 Angstroem.

In a first step, need to run an optimization of atom positions for the supercell containing 32 atoms.
Then, need to run a total number of 2 single point energy calculations on supercells with displaced atoms containing 32 atoms.

      Supercell transformation matrix              Supercell lattice vectors
       2.00000    0.00000    0.00000             8.32754    0.00000    0.00000
       0.00000    2.00000    0.00000             0.00000    8.32754    0.00000
       0.00000    0.00000    2.00000             0.00000    0.00000    8.32754

     Supercell           Site        Displaced atom     Displacement (fractional units)
   ---------------    ----------     --------------     -------------------------------
  undisplaced           ----            ----             0.00000    0.00000    0.00000
  displaced_Ag__a       Ag              Ag               0.00240    0.00000    0.00000
  displaced_Ag__b       Ag              Ag              -0.00240    0.00000    0.00000

Invariance conditions are not enforced.
No approximation to LO/TO splitting
Properties: Phonon dispersion and form factors 
            Phonon density of states 
            Thermodynamic functions
==========================================


VASP parameters
===============
Since no magnetic moments are in the model, this is a non-magnetic calculation using 'accurate' precision
and a user-defined planewave cutoff energy of 600.000 eV.

The electronic iterations convergence is 1.00E-005 eV using the Very Fast (RMM-DIIS) algorithm
and reciprocal space projection operators.

The requested k-spacing is 0.1 per Angstrom, which leads to a 8x8x8 mesh.
This corresponds to actual k-spacings of 0.094 x 0.094 x 0.094 per Angstrom.

Using first order Methfessel-Paxton smearing with a width of 0.2 eV.

Other non-default parameters:
	Extrafine augmentation grid for accurate forces is TRUE
	Algorithm is Very Fast (RMM-DIIS)
	Wave functions is TRUE
==========================================

------------------------------------------------------------------------

Using GGA-PBE / PAW potentials:
	Ag

Results for initial structural minimization of the supercell without displacements:
--------------------------------------------------------------------------------------

There are 20 symmetry-unique k-points
The plane wave cutoff is 600.00 eV

   VASP energy:             -90.471328 eV for Ag32

   Initial VASP energy:     -90.471328 eV for Ag32
   Relaxation energy:         0.000000 eV gained after 1 optimization steps.

Electronic contributions:
                          Empirical Formula          Cell
                                    Ag          (Ag)32
                          --------------- ---------------
              VASP Energy        -272.786       -8729.154 kJ/mol
      Energy of formation           0.040           1.281
                  PV term          -0.848         -27.127

   This is the electronic part of the formation energy with respect to the
   elements in their standard state. It is obtained from the total energy (above)
   and tabulated VASP energies for the elements in their standard state.
   See the documentation for more details.

   Details for Ag:
                                             VASP energy (Etot):     -272.79 kJ/mol
       Standard state energy of 1.00 atoms of Ag  1.00 * -272.83:  -  -272.83
                                                                   ----------
                                        Energy of formation (Ef):        0.04 kJ/mol


Cell parameters:
 Parameter    Value    
---------- ------------
         a     8.327538
         b     8.327538
         c     8.327538
     alpha    89.999999
      beta    89.999999
     gamma    89.999999

    Volume    72.187154 Ang^3

        Density:     9.925 Mg/m^3

   The pressure given below is exerted by the system according to its volume.
   Positive pressure would cause expansion during full geometry optimization.
       Pressure:   -78.000 MPa
               =  -780.000 bar

                      XX        YY        ZZ        XY        YZ        ZX
         Stress:    78.000    78.000    78.000     0.000     0.000     0.000 MPa
               =   780.000   780.000   780.000     0.000     0.000     0.000 bar
   The stress tensor above is imposed on the system, i.e. negative values of diagonal components 
   would cause expansion of the corresponding lattice parameter upon full geometry optimization.
   The pressure and stress include only electronic terms, i.e. the vibrational,
   temperature and other terms are not included here.

Fractional Coordinates:
	Atom          Initial Coordinates             Final Coordinates
	-----      -------- -------- --------      -------- -------- --------
	Ag           0.7500   0.7500   0.5000        0.7500   0.7500   0.5000
	Ag           0.7500   0.7500   0.0000        0.7500   0.7500   0.0000
	Ag           0.7500   0.0000   0.2500        0.7500   0.0000   0.2500
	Ag           0.7500   0.2500   0.5000        0.7500   0.2500   0.5000
	Ag           0.0000   0.7500   0.2500        0.0000   0.7500   0.2500
	Ag           0.0000   0.0000   0.5000        0.0000   0.0000   0.5000
	Ag           0.2500   0.7500   0.5000        0.2500   0.7500   0.5000
	Ag           0.7500   0.0000   0.7500        0.7500   0.0000   0.7500
	Ag           0.7500   0.2500   0.0000        0.7500   0.2500   0.0000
	Ag           0.7500   0.5000   0.2500        0.7500   0.5000   0.2500
	Ag           0.0000   0.7500   0.7500        0.0000   0.7500   0.7500
	Ag           0.0000   0.0000   0.0000        0.0000   0.0000   0.0000
	Ag           0.0000   0.2500   0.2500        0.0000   0.2500   0.2500
	Ag           0.0000   0.5000   0.5000        0.0000   0.5000   0.5000
	Ag           0.2500   0.7500   0.0000        0.2500   0.7500   0.0000
	Ag           0.2500   0.0000   0.2500        0.2500   0.0000   0.2500
	Ag           0.2500   0.2500   0.5000        0.2500   0.2500   0.5000
	Ag           0.5000   0.7500   0.2500        0.5000   0.7500   0.2500
	Ag           0.5000   0.0000   0.5000        0.5000   0.0000   0.5000
	Ag           0.7500   0.5000   0.7500        0.7500   0.5000   0.7500
	Ag           0.0000   0.2500   0.7500        0.0000   0.2500   0.7500
	Ag           0.0000   0.5000   0.0000        0.0000   0.5000   0.0000
	Ag           0.2500   0.0000   0.7500        0.2500   0.0000   0.7500
	Ag           0.2500   0.2500   0.0000        0.2500   0.2500   0.0000
	Ag           0.2500   0.5000   0.2500        0.2500   0.5000   0.2500
	Ag           0.5000   0.7500   0.7500        0.5000   0.7500   0.7500
	Ag           0.5000   0.0000   0.0000        0.5000   0.0000   0.0000
	Ag           0.5000   0.2500   0.2500        0.5000   0.2500   0.2500
	Ag           0.5000   0.5000   0.5000        0.5000   0.5000   0.5000
	Ag           0.2500   0.5000   0.7500        0.2500   0.5000   0.7500
	Ag           0.5000   0.2500   0.7500        0.5000   0.2500   0.7500
	Ag           0.5000   0.5000   0.0000        0.5000   0.5000   0.0000

Results for supercell calculations:
------------------------------------------------------------------------
	        Supercell         Energy (eV)
	      -------------      -------------
	        undisplaced       -90.47133
	     displaced_Ag__a      -90.47044
	     displaced_Ag__b      -90.47044


Symmetry analysis of Gamma point phonon frequencies:
----------------------------------------------------
   Crystal  Point  Group: O_h   (m3m) 
   Supercell Point Group: O_h   (m3m) 
    Table of irreducible representations of point group:
 ------------------------------------------
    IR     1  5  7  9 11  6  8 10 12 13 16 17 18 21 23 14 15 19 20 22 24  2  3  4 25 38 39 43 44 46 48 29 30 31 32 33 34 35 36 26 27 28 37 40 41 42 45 47
 ------------------------------------------
 A1g(R)    1  1  1  1  1  1  1  1  1  1  1  1  1  1  1  1  1  1  1  1  1  1  1  1  1  1  1  1  1  1  1  1  1  1  1  1  1  1  1  1  1  1  1  1  1  1  1  1   x^2+y^2+z^2                         
 A2g       1  1  1  1  1  1  1  1  1 -1 -1 -1 -1 -1 -1 -1 -1 -1 -1 -1 -1  1  1  1  1 -1 -1 -1 -1 -1 -1  1  1  1  1  1  1  1  1  1  1  1 -1 -1 -1 -1 -1 -1                                       
 Eg(R)     2 -1 -1 -1 -1 -1 -1 -1 -1  0  0  0  0  0  0  0  0  0  0  0  0  2  2  2  2  0  0  0  0  0  0 -1 -1 -1 -1 -1 -1 -1 -1  2  2  2  0  0  0  0  0  0   (2z^2-x^2-y^2, x^2-y^2)             
 T1g       3  0  0  0  0  0  0  0  0 -1 -1 -1 -1 -1 -1  1  1  1  1  1  1 -1 -1 -1  3  1  1  1  1  1  1  0  0  0  0  0  0  0  0 -1 -1 -1 -1 -1 -1 -1 -1 -1                                       
 T2g(R)    3  0  0  0  0  0  0  0  0  1  1  1  1  1  1 -1 -1 -1 -1 -1 -1 -1 -1 -1  3 -1 -1 -1 -1 -1 -1  0  0  0  0  0  0  0  0 -1 -1 -1  1  1  1  1  1  1   (xy,xz,yz)                          
 A1u       1  1  1  1  1  1  1  1  1  1  1  1  1  1  1  1  1  1  1  1  1  1  1  1 -1 -1 -1 -1 -1 -1 -1 -1 -1 -1 -1 -1 -1 -1 -1 -1 -1 -1 -1 -1 -1 -1 -1 -1                                       
 A2u       1  1  1  1  1  1  1  1  1 -1 -1 -1 -1 -1 -1 -1 -1 -1 -1 -1 -1  1  1  1 -1  1  1  1  1  1  1 -1 -1 -1 -1 -1 -1 -1 -1 -1 -1 -1  1  1  1  1  1  1                                       
 Eu        2 -1 -1 -1 -1 -1 -1 -1 -1  0  0  0  0  0  0  0  0  0  0  0  0  2  2  2 -2  0  0  0  0  0  0  1  1  1  1  1  1  1  1 -2 -2 -2  0  0  0  0  0  0                                       
 T1u(I)    3  0  0  0  0  0  0  0  0 -1 -1 -1 -1 -1 -1  1  1  1  1  1  1 -1 -1 -1 -3 -1 -1 -1 -1 -1 -1  0  0  0  0  0  0  0  0  1  1  1  1  1  1  1  1  1   (x,y,z)                             
 T2u       3  0  0  0  0  0  0  0  0  1  1  1  1  1  1 -1 -1 -1 -1 -1 -1 -1 -1 -1 -3  1  1  1  1  1  1  0  0  0  0  0  0  0  0  1  1  1 -1 -1 -1 -1 -1 -1                                       
 ------------------------------------------
    Wave vector= 0.0000  0.0000  0.0000    no macro. electric field
 Multi. Omega   Irreducible Representations
  3     0.013     T1u(I)                                                                                                     
Notation: (R)  Raman active mode
          (I)  Infrared active mode
          (RI) Raman and Infrared active mode

Thermodynamic Properties
   for empirical formula Ag

The following thermodynamic functions are obtained from the phonon
density of states within the harmonic approximation. The results are
meaningful only below the melting point, which lies well below 3000 K
for most materials.
Definitions:
      Cv            : vibrational heat capacity at constant volume
E_vib(T)=E(T)-E(0)  : the change in vibrational internal energy from 0 K, where
                        E(0) = E_elec + ZPE is the electronic energy of formation E_elec plus the zero point energy ZPE
      S(T)          : the vibrational entropy at temperature T
   -(A(T)-E(0))     : the change in the vibrational Helmholtz free energy from 0 K
      E(T)          : the electronic energy of formation plus the vibrational internal energy, so this term is
                        E_elec + ZPE + E_vib(T)
      A(T)          : the electronic plus vibrational Helmholtz free energy,
                        E(T) - T.S(T)
Note that the electronic energy, which is part of the enthalpy and free energies,
 is referenced to the elements in their standard state.

Electronic energy =     0.04 kJ/mol (referenced to elements in the standard state)
          PV term =    -0.85 kJ/mol
Zero-point energy =     1.83 kJ/mol

    T       Cv       E(T)-E(0)      S(T)   -(A(T)-E(0))     E(T)        A(T)
    K     J/K/mol      kJ/mol     J/K/mol     kJ/mol       kJ/mol      kJ/mol
  ----- ----------- ----------- ----------- ----------- ----------- -----------
     0      0.0000      0.0000      0.0000      0.0000      1.8698      1.8698
     1      0.0000      0.0000      0.0000      0.0000      1.8698      1.8698
     2      0.0015      0.0000      0.0003      0.0000      1.8698      1.8698
     3      0.0066      0.0000      0.0018      0.0000      1.8698      1.8698
     4      0.0152      0.0000      0.0048      0.0000      1.8698      1.8698
     5      0.0276      0.0000      0.0094      0.0000      1.8698      1.8698
    10      0.1962      0.0005      0.0665      0.0002      1.8703      1.8696
    15      0.8160      0.0028      0.2419      0.0009      1.8726      1.8689
    20      2.0963      0.0098      0.6371      0.0030      1.8796      1.8668
    30      5.8657      0.0488      2.1692      0.0162      1.9186      1.8536
    40      9.7705      0.1274      4.4020      0.0487      1.9972      1.8211
    50     13.0198      0.2420      6.9457      0.1053      2.1118      1.7645
    60     15.5208      0.3853      9.5511      0.1878      2.2551      1.6820
    70     17.4022      0.5503     12.0919      0.2961      2.4201      1.5737
    80     18.8180      0.7318     14.5124      0.4292      2.6016      1.4406
    90     19.8942      0.9256     16.7938      0.5859      2.7954      1.2839
   100     20.7237      1.1288     18.9347      0.7646      2.9986      1.1052
   125     22.1053      1.6658     23.7221      1.2994      3.5356      0.5704
   150     22.9168      2.2294     27.8301      1.9451      4.0992     -0.0753
   175     23.4288      2.8092     31.4040      2.6865      4.6790     -0.8167
   200     23.7707      3.3995     34.5562      3.5117      5.2693     -1.6419
   225     24.0096      3.9969     37.3706      4.4115      5.8667     -2.5417
   250     24.1828      4.5994     39.9097      5.3780      6.4692     -3.5082
   273     24.3031      5.1570     42.0435      6.3208      7.0268     -4.4510
   275     24.3122      5.2056     42.2209      6.4050      7.0755     -4.5352
   298     24.4044      5.7659     44.1775      7.3989      7.6357     -5.5291
   300     24.4114      5.8147     44.3408      7.4874      7.6845     -5.6176
   350     24.5509      7.0391     48.1151      9.8011      8.9089     -7.9313
   400     24.6420      8.2690     51.3998     12.2908     10.1388    -10.4210
   450     24.7049      9.5028     54.3060     14.9348     11.3726    -13.0650
   500     24.7499     10.7392     56.9114     17.7163     12.6090    -15.8465
   550     24.7834     11.9776     59.2720     20.6218     13.8474    -18.7520
   600     24.8089     13.2174     61.4295     23.6401     15.0872    -21.7703
   650     24.8287     14.4583     63.4161     26.7619     16.3281    -24.8921
   700     24.8445     15.7002     65.2567     29.9793     17.5700    -28.1095
   750     24.8572     16.9427     66.9713     33.2854     18.8125    -31.4156
   800     24.8677     18.1859     68.5759     36.6745     20.0557    -34.8047
   850     24.8763     19.4294     70.0837     40.1414     21.2992    -38.2716
   900     24.8836     20.6734     71.5058     43.6814     22.5433    -41.8116
   950     24.8897     21.9178     72.8514     47.2906     23.7876    -45.4208
  1000     24.8950     23.1624     74.1282     50.9654     25.0322    -49.0956
  1050     24.8995     24.4072     75.3429     54.7024     26.2771    -52.8326
  1100     24.9034     25.6523     76.5014     58.4987     27.5221    -56.6289
  1150     24.9068     26.8976     77.6084     62.3516     28.7674    -60.4818
  1200     24.9098     28.1430     78.6685     66.2587     30.0128    -64.3889
  1250     24.9125     29.3885     79.6855     70.2177     31.2583    -68.3479
  1300     24.9148     30.6342     80.6626     74.2265     32.5040    -72.3567
  1350     24.9169     31.8800     81.6029     78.2833     33.7498    -76.4135
  1400     24.9188     33.1259     82.5091     82.3862     34.9957    -80.5164
  1450     24.9205     34.3718     83.3836     86.5336     36.2416    -84.6638
  1500     24.9220     35.6179     84.2285     90.7240     37.4877    -88.8542
  1550     24.9233     36.8640     85.0457     94.9560     38.7338    -93.0862
  1600     24.9246     38.1102     85.8369     99.2281     39.9800    -97.3583
  1650     24.9257     39.3565     86.6040    103.5392     41.2263   -101.6694
  1700     24.9268     40.6028     87.3481    107.8881     42.4726   -106.0183
  1750     24.9277     41.8491     88.0707    112.2736     43.7189   -110.4038
  1800     24.9286     43.0955     88.7729    116.6948     44.9653   -114.8249
  1850     24.9294     44.3420     89.4559    121.1505     46.2118   -119.2807
  1900     24.9301     45.5885     90.1207    125.6400     47.4583   -123.7702
  1950     24.9308     46.8350     90.7684    130.1623     48.7048   -128.2925
  2000     24.9314     48.0815     91.3995    134.7165     49.9513   -132.8467
  2100     24.9326     50.5747     92.6160    143.9177     52.4445   -142.0479
  2200     24.9336     53.0680     93.7759    153.2377     54.9378   -151.3679
  2300     24.9344     55.5614     94.8842    162.6710     57.4312   -160.8012
  2400     24.9352     58.0549     95.9455    172.2128     59.9247   -170.3430
  2500     24.9358     60.5484     96.9633    181.8585     62.4182   -179.9887
  2600     24.9364     63.0420     97.9414    191.6040     64.9118   -189.7342
  2700     24.9369     65.5356     98.8825    201.4455     67.4054   -199.5757
  2800     24.9374     68.0293     99.7894    211.3793     69.8991   -209.5095
  2900     24.9378     70.5231    100.6645    221.4022     72.3929   -219.5324
  3000     24.9382     73.0169    101.5100    231.5110     74.8867   -229.6412

Job completed on Mon 16 January 2017 at 16:40:16 æ±äº¬ (æ¨™æº–æ™‚) after 6442 s (1:47:22)
