 running on    4 nodes
 distr:  one band on    1 nodes,    4 groups
 vasp.4.6.28 25Jul05 complex 
 POSCAR found :  1 types and   32 ions

 ----------------------------------------------------------------------------- 
|                                                                             |
|  ADVICE TO THIS USER RUNNING 'VASP/VAMP'   (HEAR YOUR MASTER'S VOICE ...):  |
|                                                                             |
|      You have a (more or less) 'large supercell' and for larger cells       |
|      it might be more efficient to use real space projection operators      |
|      So try LREAL= Auto  in the INCAR   file.                               |
|      Mind: If you want to do an extremely accurate calculations keep the    |
|      reciprocal projection scheme          (i.e. LREAL=.FALSE.)             |
|                                                                             |
 ----------------------------------------------------------------------------- 

 LDA part: xc-table for Pade appr. of Perdew
 POSCAR, INCAR and KPOINTS ok, starting setup
 FFT: planning ...           4
 reading WAVECAR
 entering main loop
       N       E                     dE             d eps       ncg     rms          rms(c)
RMM:   1     0.390491207172E+04    0.39049E+04   -0.16783E+05  4240   0.174E+03
RMM:   2     0.782961179705E+03   -0.31220E+04   -0.35234E+04  4240   0.426E+02
RMM:   3     0.150995800017E+03   -0.63197E+03   -0.69062E+03  4240   0.162E+02
RMM:   4    -0.290305583590E+02   -0.18003E+03   -0.13124E+03  4240   0.742E+01
RMM:   5    -0.851767219448E+02   -0.56146E+02   -0.32911E+02  4240   0.438E+01
RMM:   6    -0.949798203539E+02   -0.98031E+01   -0.73812E+01  4240   0.206E+01
RMM:   7    -0.970186692519E+02   -0.20388E+01   -0.17167E+01  4240   0.106E+01
RMM:   8    -0.974536532636E+02   -0.43498E+00   -0.40315E+00  4240   0.481E+00
RMM:   9    -0.975820987292E+02   -0.12845E+00   -0.12080E+00  8479   0.238E+00
RMM:  10    -0.975921295061E+02   -0.10031E-01   -0.93289E-02  8453   0.340E-01
RMM:  11    -0.975925089264E+02   -0.37942E-03   -0.34168E-03  7905   0.148E-01
RMM:  12    -0.975925400006E+02   -0.31074E-04   -0.29901E-04  6535   0.136E-02    0.158E+01
RMM:  13    -0.907406417956E+02    0.68519E+01   -0.26377E+01  8480   0.168E+01    0.291E+00
RMM:  14    -0.905543301415E+02    0.18631E+00   -0.44254E-01  8480   0.123E+00    0.150E+00
RMM:  15    -0.904711202875E+02    0.83210E-01   -0.38496E-02  8480   0.828E-01    0.187E-01
RMM:  16    -0.904718691477E+02   -0.74886E-03   -0.66435E-03  8480   0.225E-01    0.106E-01
RMM:  17    -0.904713536525E+02    0.51550E-03   -0.15640E-04  8480   0.323E-02    0.243E-02
RMM:  18    -0.904713356256E+02    0.18027E-04   -0.77288E-05  7848   0.286E-02    0.241E-03
RMM:  19    -0.904713284478E+02    0.71778E-05   -0.82480E-07  4613   0.278E-03
   1 F= -.90471328E+02 E0= -.90466751E+02  d E =-.904713E+02
 curvature:   0.00 expect dE= 0.000E+00 dE for cont linesearch  0.000E+00
 trial: gam= 0.00000 g(F)=  0.545E-57 g(S)=  0.000E+00 ort = 0.000E+00 (trialstep = 0.100E+01)
 search vector abs. value=  0.100E-09
 reached required accuracy - stopping structural energy minimisation
 writing wavefunctions

 ----------------------------------------------------------------------------- 
|                                                                             |
|           W    W    AA    RRRRR   N    N  II  N    N   GGGG   !!!           |
|           W    W   A  A   R    R  NN   N  II  NN   N  G    G  !!!           |
|           W    W  A    A  R    R  N N  N  II  N N  N  G       !!!           |
|           W WW W  AAAAAA  RRRRR   N  N N  II  N  N N  G  GGG   !            |
|           WW  WW  A    A  R   R   N   NN  II  N   NN  G    G                |
|           W    W  A    A  R    R  N    N  II  N    N   GGGG   !!!           |
|                                                                             |
|      The partial DOS and the PROCAR file are not evaluated for NPAR/=1      |
|      please rerun with NPAR=1                                               |
|                                                                             |
 ----------------------------------------------------------------------------- 

